Component: ARM Compiler 5.06 update 2 (build 183) Tool: armlink [4d35b7]

==============================================================================

Section Cross References

    main.o(.text) refers to misc.o(.text) for NVIC_PriorityGroupConfig
    main.o(.text) refers to delay.o(.text) for delay_init
    main.o(.text) refers to ds1302.o(.text) for Reset_DS1302
    main.o(.text) refers to dis12864.o(.text) for Ini_Lcd
    main.o(.text) refers to keyboard.o(.text) for InitKeyboard
    main.o(.text) refers to io.o(.text) for IO_INIT
    main.o(.text) refers to voice.o(.text) for VoiceIO_Init
    main.o(.text) refers to usart.o(.text) for uart_init
    main.o(.text) refers to my_adc.o(.text) for My_Adc_Init
    main.o(.text) refers to timer.o(.text) for TIM3_Int_Init
    main.o(.text) refers to falshmanege.o(.text) for Read_Userdata
    main.o(.text) refers to app.o(.text) for Sotf_Versions_Controller
    main.o(.text) refers to menu.o(.text) for menu
    main.o(.text) refers to falshmanege.o(.bss) for UserPra
    main.o(.text) refers to timer.o(.data) for XH_OUT_TIMER
    main.o(.text) refers to ds1302.o(.data) for Ds1302DataBuf
    main.o(.text) refers to main.o(.data) for OPEN_FLAG
    main.o(.text) refers to keyboard.o(.data) for key
    main.o(.text) refers to dis12864.o(.constdata) for WTLogo
    system_stm32f10x.o(.text) refers to system_stm32f10x.o(.data) for SystemCoreClock
    led.o(.text) refers to stm32f10x_rcc.o(.text) for RCC_APB2PeriphClockCmd
    led.o(.text) refers to stm32f10x_gpio.o(.text) for GPIO_Init
    stmflash.o(.text) refers to stm32f10x_flash.o(.text) for FLASH_ProgramHalfWord
    stmflash.o(.text) refers to stmflash.o(.bss) for STMFLASH_BUF
    my_adc.o(.text) refers to stm32f10x_rcc.o(.text) for RCC_AHBPeriphClockCmd
    my_adc.o(.text) refers to stm32f10x_gpio.o(.text) for GPIO_Init
    my_adc.o(.text) refers to stm32f10x_adc.o(.text) for ADC_DeInit
    my_adc.o(.text) refers to stm32f10x_dma.o(.text) for DMA_DeInit
    my_adc.o(.text) refers to dflt_clz.o(x$fpl$dflt) for __aeabi_i2d
    my_adc.o(.text) refers to dmul.o(x$fpl$dmul) for __aeabi_dmul
    my_adc.o(.text) refers to d2f.o(x$fpl$d2f) for __aeabi_d2f
    my_adc.o(.text) refers to fdiv.o(x$fpl$fdiv) for __aeabi_fdiv
    my_adc.o(.text) refers to fflt_clz.o(x$fpl$fflt) for __aeabi_i2f
    my_adc.o(.text) refers to faddsub_clz.o(x$fpl$fadd) for __aeabi_fadd
    my_adc.o(.text) refers to f2d.o(x$fpl$f2d) for __aeabi_f2d
    my_adc.o(.text) refers to drleqf.o(x$fpl$drleqf) for __aeabi_cdrcmple
    my_adc.o(.text) refers to fflt_clz.o(x$fpl$ffltu) for __aeabi_ui2f
    my_adc.o(.text) refers to fleqf.o(x$fpl$fleqf) for __aeabi_cfcmple
    my_adc.o(.text) refers to my_adc.o(.bss) for AD_Value
    my_adc.o(.text) refers to my_adc.o(.data) for times
    my_adc.o(.text) refers to falshmanege.o(.bss) for AdminPra
    my_adc.o(.data) refers to my_adc.o(.text) for Get_Adc_Average
    delay.o(.text) refers to misc.o(.text) for SysTick_CLKSourceConfig
    delay.o(.text) refers to system_stm32f10x.o(.data) for SystemCoreClock
    delay.o(.text) refers to delay.o(.data) for fac_us
    usart.o(.text) refers (Special) to use_no_semi_2.o(.text) for __use_no_semihosting
    usart.o(.text) refers to stm32f10x_rcc.o(.text) for RCC_APB2PeriphClockCmd
    usart.o(.text) refers to stm32f10x_gpio.o(.text) for GPIO_Init
    usart.o(.text) refers to misc.o(.text) for NVIC_Init
    usart.o(.text) refers to stm32f10x_usart.o(.text) for USART_Init
    usart.o(.text) refers to usart.o(.data) for USART_RX_STA
    usart.o(.text) refers to usart.o(.bss) for USART_RX_BUF
    usart.o(.bss) refers (Special) to use_no_semi_2.o(.text) for __use_no_semihosting
    usart.o(.data) refers (Special) to use_no_semi_2.o(.text) for __use_no_semihosting
    startup_stm32f10x_hd.o(STACK) refers (Special) to heapauxi.o(.text) for __use_two_region_memory
    startup_stm32f10x_hd.o(HEAP) refers (Special) to heapauxi.o(.text) for __use_two_region_memory
    startup_stm32f10x_hd.o(RESET) refers (Special) to heapauxi.o(.text) for __use_two_region_memory
    startup_stm32f10x_hd.o(RESET) refers to startup_stm32f10x_hd.o(STACK) for __initial_sp
    startup_stm32f10x_hd.o(RESET) refers to startup_stm32f10x_hd.o(.text) for Reset_Handler
    startup_stm32f10x_hd.o(RESET) refers to stm32f10x_it.o(.text) for NMI_Handler
    startup_stm32f10x_hd.o(RESET) refers to keyboard.o(.text) for EXTI4_IRQHandler
    startup_stm32f10x_hd.o(RESET) refers to timer.o(.text) for TIM3_IRQHandler
    startup_stm32f10x_hd.o(RESET) refers to usart.o(.text) for USART1_IRQHandler
    startup_stm32f10x_hd.o(.text) refers (Special) to heapauxi.o(.text) for __use_two_region_memory
    startup_stm32f10x_hd.o(.text) refers to system_stm32f10x.o(.text) for SystemInit
    startup_stm32f10x_hd.o(.text) refers to __main.o(!!!main) for __main
    startup_stm32f10x_hd.o(.text) refers to startup_stm32f10x_hd.o(HEAP) for Heap_Mem
[...]
    __rt_lib_init_cpp_1                      0x080001a7   Thumb Code     0  libinit2.o(.ARM.Collect$$libinit$$00000032)
    __rt_lib_init_exceptions_1               0x080001a7   Thumb Code     0  libinit2.o(.ARM.Collect$$libinit$$00000030)
    __rt_lib_init_fp_1                       0x080001a7   Thumb Code     0  libinit2.o(.ARM.Collect$$libinit$$00000002)
    __rt_lib_init_fp_trap_1                  0x080001a7   Thumb Code     0  libinit2.o(.ARM.Collect$$libinit$$0000001F)
    __rt_lib_init_getenv_1                   0x080001a7   Thumb Code     0  libinit2.o(.ARM.Collect$$libinit$$00000023)
    __rt_lib_init_heap_1                     0x080001a7   Thumb Code     0  libinit2.o(.ARM.Collect$$libinit$$0000000A)
    __rt_lib_init_lc_collate_1               0x080001a7   Thumb Code     0  libinit2.o(.ARM.Collect$$libinit$$00000011)
    __rt_lib_init_lc_ctype_1                 0x080001a7   Thumb Code     0  libinit2.o(.ARM.Collect$$libinit$$00000013)
    __rt_lib_init_lc_monetary_1              0x080001a7   Thumb Code     0  libinit2.o(.ARM.Collect$$libinit$$00000015)
    __rt_lib_init_lc_numeric_1               0x080001a7   Thumb Code     0  libinit2.o(.ARM.Collect$$libinit$$00000017)
    __rt_lib_init_lc_time_1                  0x080001a7   Thumb Code     0  libinit2.o(.ARM.Collect$$libinit$$00000019)
    __rt_lib_init_preinit_1                  0x080001a7   Thumb Code     0  libinit2.o(.ARM.Collect$$libinit$$00000004)
    __rt_lib_init_rand_1                     0x080001a7   Thumb Code     0  libinit2.o(.ARM.Collect$$libinit$$0000000E)
    __rt_lib_init_return                     0x080001a7   Thumb Code     0  libinit2.o(.ARM.Collect$$libinit$$00000033)
    __rt_lib_init_signal_1                   0x080001a7   Thumb Code     0  libinit2.o(.ARM.Collect$$libinit$$0000001D)
    __rt_lib_init_stdio_1                    0x080001a7   Thumb Code     0  libinit2.o(.ARM.Collect$$libinit$$00000025)
    __rt_lib_init_user_alloc_1               0x080001a7   Thumb Code     0  libinit2.o(.ARM.Collect$$libinit$$0000000C)
    __rt_lib_shutdown                        0x080001a9   Thumb Code     0  libshutdown.o(.ARM.Collect$$libshutdown$$00000000)
    __rt_lib_shutdown_cpp_1                  0x080001ab   Thumb Code     0  libshutdown2.o(.ARM.Collect$$libshutdown$$00000002)
    __rt_lib_shutdown_fp_trap_1              0x080001ab   Thumb Code     0  libshutdown2.o(.ARM.Collect$$libshutdown$$00000007)
    __rt_lib_shutdown_heap_1                 0x080001ab   Thumb Code     0  libshutdown2.o(.ARM.Collect$$libshutdown$$0000000F)
    __rt_lib_shutdown_return                 0x080001ab   Thumb Code     0  libshutdown2.o(.ARM.Collect$$libshutdown$$00000010)
    __rt_lib_shutdown_signal_1               0x080001ab   Thumb Code     0  libshutdown2.o(.ARM.Collect$$libshutdown$$0000000A)
    __rt_lib_shutdown_stdio_1                0x080001ab   Thumb Code     0  libshutdown2.o(.ARM.Collect$$libshutdown$$00000004)
    __rt_lib_shutdown_user_alloc_1           0x080001ab   Thumb Code     0  libshutdown2.o(.ARM.Collect$$libshutdown$$0000000C)
    __rt_entry                               0x080001ad   Thumb Code     0  __rtentry.o(.ARM.Collect$$rtentry$$00000000)
    __rt_entry_presh_1                       0x080001ad   Thumb Code     0  __rtentry2.o(.ARM.Collect$$rtentry$$00000002)
    __rt_entry_sh                            0x080001ad   Thumb Code     0  __rtentry4.o(.ARM.Collect$$rtentry$$00000004)
    __rt_entry_li                            0x080001b3   Thumb Code     0  __rtentry2.o(.ARM.Collect$$rtentry$$0000000A)
    __rt_entry_postsh_1                      0x080001b3   Thumb Code     0  __rtentry2.o(.ARM.Collect$$rtentry$$00000009)
    __rt_entry_main                          0x080001b7   Thumb Code     0  __rtentry2.o(.ARM.Collect$$rtentry$$0000000D)
    __rt_entry_postli_1                      0x080001b7   Thumb Code     0  __rtentry2.o(.ARM.Collect$$rtentry$$0000000C)
    __rt_exit                                0x080001bf   Thumb Code     0  rtexit.o(.ARM.Collect$$rtexit$$00000000)
    __rt_exit_ls                             0x080001c1   Thumb Code     0  rtexit2.o(.ARM.Collect$$rtexit$$00000003)
    __rt_exit_prels_1                        0x080001c1   Thumb Code     0  rtexit2.o(.ARM.Collect$$rtexit$$00000002)
    __rt_exit_exit                           0x080001c5   Thumb Code     0  rtexit2.o(.ARM.Collect$$rtexit$$00000004)
    Init_ALL                                 0x080001cd   Thumb Code    96  main.o(.text)
    Open_UP                                  0x0800022d   Thumb Code   208  main.o(.text)
    main                                     0x080002fd   Thumb Code   128  main.o(.text)
    NMI_Handler                              0x080003bd   Thumb Code     2  stm32f10x_it.o(.text)
    HardFault_Handler                        0x080003bf   Thumb Code    14  stm32f10x_it.o(.text)
    MemManage_Handler                        0x080003cd   Thumb Code    14  stm32f10x_it.o(.text)
    BusFault_Handler                         0x080003db   Thumb Code    14  stm32f10x_it.o(.text)
    UsageFault_Handler                       0x080003e9   Thumb Code    14  stm32f10x_it.o(.text)
    SVC_Handler                              0x080003f7   Thumb Code     2  stm32f10x_it.o(.text)
    DebugMon_Handler                         0x080003f9   Thumb Code     2  stm32f10x_it.o(.text)
    PendSV_Handler                           0x080003fb   Thumb Code     2  stm32f10x_it.o(.text)
    SysTick_Handler                          0x080003fd   Thumb Code     2  stm32f10x_it.o(.text)
    SystemInit                               0x0800050b   Thumb Code    78  system_stm32f10x.o(.text)
    SystemCoreClockUpdate                    0x08000559   Thumb Code   142  system_stm32f10x.o(.text)
    STMFLASH_ReadHalfWord                    0x0800060d   Thumb Code     6  stmflash.o(.text)
    STMFLASH_Write_NoCheck                   0x08000613   Thumb Code    38  stmflash.o(.text)
    STMFLASH_Read                            0x08000639   Thumb Code    34  stmflash.o(.text)
    STMFLASH_Write                           0x0800065b   Thumb Code   222  stmflash.o(.text)
    Test_Write                               0x08000739   Thumb Code    16  stmflash.o(.text)
    My_Adc_Init                              0x08000751   Thumb Code   334  my_adc.o(.text)
    Get_Adc_Average                          0x0800089f   Thumb Code   128  my_adc.o(.text)
    Get_Adc2_Average                         0x0800091f   Thumb Code   178  my_adc.o(.text)
    Get_Adc3_Average                         0x080009d1   Thumb Code   130  my_adc.o(.text)
    Get_Adc4_Average                         0x08000a53   Thumb Code   122  my_adc.o(.text)
    Check_AD_Device                          0x08000acd   Thumb Code    90  my_adc.o(.text)
    delay_init                               0x08000b61   Thumb Code    50  delay.o(.text)
    delay_us                                 0x08000b93   Thumb Code    72  delay.o(.text)
    delay_ms                                 0x08000bdb   Thumb Code    72  delay.o(.text)
    Ex_NVIC_Config                           0x08000c35   Thumb Code   146  sys.o(.text)
    MY_NVIC_SetVectorTable                   0x08000cc7   Thumb Code    12  sys.o(.text)
    MY_NVIC_PriorityGroupConfig              0x08000cd3   Thumb Code    36  sys.o(.text)
    MY_NVIC_Init                             0x08000cf7   Thumb Code   116  sys.o(.text)
    WFI_SET                                  0x08000d6b   Thumb Code     4  sys.o(.text)
    INTX_DISABLE                             0x08000d6f   Thumb Code     4  sys.o(.text)
    INTX_ENABLE                              0x08000d73   Thumb Code     4  sys.o(.text)
    _sys_exit                                0x08000d95   Thumb Code     6  usart.o(.text)
    fputc                                    0x08000d9b   Thumb Code    24  usart.o(.text)
    Send_str                                 0x08000db3   Thumb Code    34  usart.o(.text)
    uart_init                                0x08000dd5   Thumb Code   152  usart.o(.text)
    USART1_IRQHandler                        0x08000e6d   Thumb Code   144  usart.o(.text)
    Reset_Handler                            0x08000f0d   Thumb Code     8  startup_stm32f10x_hd.o(.text)
    ADC1_2_IRQHandler                        0x08000f27   Thumb Code     0  startup_stm32f10x_hd.o(.text)
    ADC3_IRQHandler                          0x08000f27   Thumb Code     0  startup_stm32f10x_hd.o(.text)
    CAN1_RX1_IRQHandler                      0x08000f27   Thumb Code     0  startup_stm32f10x_hd.o(.text)
    CAN1_SCE_IRQHandler                      0x08000f27   Thumb Code     0  startup_stm32f10x_hd.o(.text)
    DMA1_Channel1_IRQHandler                 0x08000f27   Thumb Code     0  startup_stm32f10x_hd.o(.text)
    DMA1_Channel2_IRQHandler                 0x08000f27   Thumb Code     0  startup_stm32f10x_hd.o(.text)
    DMA1_Channel3_IRQHandler                 0x08000f27   Thumb Code     0  startup_stm32f10x_hd.o(.text)
    DMA1_Channel4_IRQHandler                 0x08000f27   Thumb Code     0  startup_stm32f10x_hd.o(.text)
    DMA1_Channel5_IRQHandler                 0x08000f27   Thumb Code     0  startup_stm32f10x_hd.o(.text)
    DMA1_Channel6_IRQHandler                 0x08000f27   Thumb Code     0  startup_stm32f10x_hd.o(.text)
    DMA1_Channel7_IRQHandler                 0x08000f27   Thumb Code     0  startup_stm32f10x_hd.o(.text)
    DMA2_Channel1_IRQHandler                 0x08000f27   Thumb Code     0  startup_stm32f10x_hd.o(.text)
    DMA2_Channel2_IRQHandler                 0x08000f27   Thumb Code     0  startup_stm32f10x_hd.o(.text)
    DMA2_Channel3_IRQHandler                 0x08000f27   Thumb Code     0  startup_stm32f10x_hd.o(.text)
    DMA2_Channel4_5_IRQHandler               0x08000f27   Thumb Code     0  startup_stm32f10x_hd.o(.text)
    EXTI0_IRQHandler                         0x08000f27   Thumb Code     0  startup_stm32f10x_hd.o(.text)
    EXTI15_10_IRQHandler                     0x08000f27   Thumb Code     0  startup_stm32f10x_hd.o(.text)
    EXTI1_IRQHandler                         0x08000f27   Thumb Code     0  startup_stm32f10x_hd.o(.text)
    EXTI2_IRQHandler                         0x08000f27   Thumb Code     0  startup_stm32f10x_hd.o(.text)
    EXTI3_IRQHandler                         0x08000f27   Thumb Code     0  startup_stm32f10x_hd.o(.text)
    FLASH_IRQHandler                         0x08000f27   Thumb Code     0  startup_stm32f10x_hd.o(.text)
    FSMC_IRQHandler                          0x08000f27   Thumb Code     0  startup_stm32f10x_hd.o(.text)
    I2C1_ER_IRQHandler                       0x08000f27   Thumb Code     0  startup_stm32f10x_hd.o(.text)
    I2C1_EV_IRQHandler                       0x08000f27   Thumb Code     0  startup_stm32f10x_hd.o(.text)
    I2C2_ER_IRQHandler                       0x08000f27   Thumb Code     0  startup_stm32f10x_hd.o(.text)
    I2C2_EV_IRQHandler                       0x08000f27   Thumb Code     0  startup_stm32f10x_hd.o(.text)
    PVD_IRQHandler                           0x08000f27   Thumb Code     0  startup_stm32f10x_hd.o(.text)
    RCC_IRQHandler                           0x08000f27   Thumb Code     0  startup_stm32f10x_hd.o(.text)
    RTCAlarm_IRQHandler                      0x08000f27   Thumb Code     0  startup_stm32f10x_hd.o(.text)
    RTC_IRQHandler                           0x08000f27   Thumb Code     0  startup_stm32f10x_hd.o(.text)
    SDIO_IRQHandler                          0x08000f27   Thumb Code     0  startup_stm32f10x_hd.o(.text)
    SPI1_IRQHandler                          0x08000f27   Thumb Code     0  startup_stm32f10x_hd.o(.text)
    SPI2_IRQHandler                          0x08000f27   Thumb Code     0  startup_stm32f10x_hd.o(.text)
    SPI3_IRQHandler                          0x08000f27   Thumb Code     0  startup_stm32f10x_hd.o(.text)
    TAMPER_IRQHandler                        0x08000f27   Thumb Code     0  startup_stm32f10x_hd.o(.text)
    TIM1_BRK_IRQHandler                      0x08000f27   Thumb Code     0  startup_stm32f10x_hd.o(.text)
    TIM1_CC_IRQHandler                       0x08000f27   Thumb Code     0  startup_stm32f10x_hd.o(.text)
    TIM1_TRG_COM_IRQHandler                  0x08000f27   Thumb Code     0  startup_stm32f10x_hd.o(.text)
    TIM1_UP_IRQHandler                       0x08000f27   Thumb Code     0  startup_stm32f10x_hd.o(.text)
    TIM2_IRQHandler                          0x08000f27   Thumb Code     0  startup_stm32f10x_hd.o(.text)
    TIM5_IRQHandler                          0x08000f27   Thumb Code     0  startup_stm32f10x_hd.o(.text)
    TIM6_IRQHandler                          0x08000f27   Thumb Code     0  startup_stm32f10x_hd.o(.text)
    TIM7_IRQHandler                          0x08000f27   Thumb Code     0  startup_stm32f10x_hd.o(.text)
    TIM8_BRK_IRQHandler                      0x08000f27   Thumb Code     0  startup_stm32f10x_hd.o(.text)
    TIM8_CC_IRQHandler                       0x08000f27   Thumb Code     0  startup_stm32f10x_hd.o(.text)
    TIM8_TRG_COM_IRQHandler                  0x08000f27   Thumb Code     0  startup_stm32f10x_hd.o(.text)
    TIM8_UP_IRQHandler                       0x08000f27   Thumb Code     0  startup_stm32f10x_hd.o(.text)
    UART4_IRQHandler                         0x08000f27   Thumb Code     0  startup_stm32f10x_hd.o(.text)
    UART5_IRQHandler                         0x08000f27   Thumb Code     0  startup_stm32f10x_hd.o(.text)
    USART2_IRQHandler                        0x08000f27   Thumb Code     0  startup_stm32f10x_hd.o(.text)
    USART3_IRQHandler                        0x08000f27   Thumb Code     0  startup_stm32f10x_hd.o(.text)
    USBWakeUp_IRQHandler                     0x08000f27   Thumb Code     0  startup_stm32f10x_hd.o(.text)
    USB_HP_CAN1_TX_IRQHandler                0x08000f27   Thumb Code     0  startup_stm32f10x_hd.o(.text)
    USB_LP_CAN1_RX0_IRQHandler               0x08000f27   Thumb Code     0  startup_stm32f10x_hd.o(.text)
    WWDG_IRQHandler                          0x08000f27   Thumb Code     0  startup_stm32f10x_hd.o(.text)
    __user_initial_stackheap                 0x08000f29   Thumb Code     0  startup_stm32f10x_hd.o(.text)
    GPIO_DeInit                              0x08000f4d   Thumb Code   172  stm32f10x_gpio.o(.text)
    GPIO_AFIODeInit                          0x08000ff9   Thumb Code    20  stm32f10x_gpio.o(.text)
    GPIO_Init                                0x0800100d   Thumb Code   278  stm32f10x_gpio.o(.text)
    GPIO_StructInit                          0x08001123   Thumb Code    16  stm32f10x_gpio.o(.text)
    GPIO_ReadInputDataBit                    0x08001133   Thumb Code    18  stm32f10x_gpio.o(.text)
    GPIO_ReadInputData                       0x08001145   Thumb Code     8  stm32f10x_gpio.o(.text)
    GPIO_ReadOutputDataBit                   0x0800114d   Thumb Code    18  stm32f10x_gpio.o(.text)
    GPIO_ReadOutputData                      0x0800115f   Thumb Code     8  stm32f10x_gpio.o(.text)
    GPIO_SetBits                             0x08001167   Thumb Code     4  stm32f10x_gpio.o(.text)
    GPIO_ResetBits                           0x0800116b   Thumb Code     4  stm32f10x_gpio.o(.text)
    GPIO_WriteBit                            0x0800116f   Thumb Code    10  stm32f10x_gpio.o(.text)
    GPIO_Write                               0x08001179   Thumb Code     4  stm32f10x_gpio.o(.text)
    GPIO_PinLockConfig                       0x0800117d   Thumb Code    18  stm32f10x_gpio.o(.text)
    GPIO_EventOutputConfig                   0x0800118f   Thumb Code    26  stm32f10x_gpio.o(.text)
    GPIO_EventOutputCmd                      0x080011a9   Thumb Code     6  stm32f10x_gpio.o(.text)
    GPIO_PinRemapConfig                      0x080011af   Thumb Code   138  stm32f10x_gpio.o(.text)
    GPIO_EXTILineConfig                      0x08001239   Thumb Code    66  stm32f10x_gpio.o(.text)
    GPIO_ETH_MediaInterfaceConfig            0x0800127b   Thumb Code     8  stm32f10x_gpio.o(.text)
    RCC_DeInit                               0x080012a9   Thumb Code    64  stm32f10x_rcc.o(.text)
    RCC_HSEConfig                            0x080012e9   Thumb Code    70  stm32f10x_rcc.o(.text)
    RCC_GetFlagStatus                        0x0800132f   Thumb Code    56  stm32f10x_rcc.o(.text)
    RCC_WaitForHSEStartUp                    0x08001367   Thumb Code    56  stm32f10x_rcc.o(.text)
    RCC_AdjustHSICalibrationValue            0x0800139f   Thumb Code    20  stm32f10x_rcc.o(.text)
    RCC_HSICmd                               0x080013b3   Thumb Code     6  stm32f10x_rcc.o(.text)
    RCC_PLLConfig                            0x080013b9   Thumb Code    24  stm32f10x_rcc.o(.text)
    RCC_PLLCmd                               0x080013d1   Thumb Code     6  stm32f10x_rcc.o(.text)
    RCC_SYSCLKConfig                         0x080013d7   Thumb Code    18  stm32f10x_rcc.o(.text)
    RCC_GetSYSCLKSource                      0x080013e9   Thumb Code    10  stm32f10x_rcc.o(.text)
    RCC_HCLKConfig                           0x080013f3   Thumb Code    18  stm32f10x_rcc.o(.text)
    RCC_PCLK1Config                          0x08001405   Thumb Code    18  stm32f10x_rcc.o(.text)
    RCC_PCLK2Config                          0x08001417   Thumb Code    20  stm32f10x_rcc.o(.text)
    RCC_ITConfig                             0x0800142b   Thumb Code    26  stm32f10x_rcc.o(.text)
    RCC_USBCLKConfig                         0x08001445   Thumb Code     8  stm32f10x_rcc.o(.text)
    RCC_ADCCLKConfig                         0x0800144d   Thumb Code    18  stm32f10x_rcc.o(.text)
    RCC_LSEConfig                            0x0800145f   Thumb Code    50  stm32f10x_rcc.o(.text)
    RCC_LSICmd                               0x08001491   Thumb Code     6  stm32f10x_rcc.o(.text)
    RCC_RTCCLKConfig                         0x08001497   Thumb Code    12  stm32f10x_rcc.o(.text)
    RCC_RTCCLKCmd                            0x080014a3   Thumb Code     8  stm32f10x_rcc.o(.text)
    RCC_GetClocksFreq                        0x080014ab   Thumb Code   192  stm32f10x_rcc.o(.text)
    RCC_AHBPeriphClockCmd                    0x0800156b   Thumb Code    26  stm32f10x_rcc.o(.text)
    RCC_APB2PeriphClockCmd                   0x08001585   Thumb Code    26  stm32f10x_rcc.o(.text)
    RCC_APB1PeriphClockCmd                   0x0800159f   Thumb Code    26  stm32f10x_rcc.o(.text)
    RCC_APB2PeriphResetCmd                   0x080015b9   Thumb Code    26  stm32f10x_rcc.o(.text)
    RCC_APB1PeriphResetCmd                   0x080015d3   Thumb Code    26  stm32f10x_rcc.o(.text)
    RCC_BackupResetCmd                       0x080015ed   Thumb Code     8  stm32f10x_rcc.o(.text)
    RCC_ClockSecuritySystemCmd               0x080015f5   Thumb Code     6  stm32f10x_rcc.o(.text)
    RCC_MCOConfig                            0x080015fb   Thumb Code     6  stm32f10x_rcc.o(.text)
    RCC_ClearFlag                            0x08001601   Thumb Code    14  stm32f10x_rcc.o(.text)
    RCC_GetITStatus                          0x0800160f   Thumb Code    20  stm32f10x_rcc.o(.text)
    RCC_ClearITPendingBit                    0x08001623   Thumb Code     6  stm32f10x_rcc.o(.text)
    USART_DeInit                             0x0800164d   Thumb Code   134  stm32f10x_usart.o(.text)
    USART_Init                               0x080016d3   Thumb Code   210  stm32f10x_usart.o(.text)
    USART_StructInit                         0x080017a5   Thumb Code    24  stm32f10x_usart.o(.text)
    USART_ClockInit                          0x080017bd   Thumb Code    34  stm32f10x_usart.o(.text)
    USART_ClockStructInit                    0x080017df   Thumb Code    12  stm32f10x_usart.o(.text)
    USART_Cmd                                0x080017eb   Thumb Code    24  stm32f10x_usart.o(.text)
    USART_ITConfig                           0x08001803   Thumb Code    74  stm32f10x_usart.o(.text)
    USART_DMACmd                             0x0800184d   Thumb Code    18  stm32f10x_usart.o(.text)
    USART_SetAddress                         0x0800185f   Thumb Code    18  stm32f10x_usart.o(.text)
    USART_WakeUpConfig                       0x08001871   Thumb Code    18  stm32f10x_usart.o(.text)
    USART_ReceiverWakeUpCmd                  0x08001883   Thumb Code    24  stm32f10x_usart.o(.text)
    USART_LINBreakDetectLengthConfig         0x0800189b   Thumb Code    18  stm32f10x_usart.o(.text)
    USART_LINCmd                             0x080018ad   Thumb Code    24  stm32f10x_usart.o(.text)
    USART_SendData                           0x080018c5   Thumb Code     8  stm32f10x_usart.o(.text)
    USART_ReceiveData                        0x080018cd   Thumb Code    10  stm32f10x_usart.o(.text)
    USART_SendBreak                          0x080018d7   Thumb Code    10  stm32f10x_usart.o(.text)
    USART_SetGuardTime                       0x080018e1   Thumb Code    16  stm32f10x_usart.o(.text)
    USART_SetPrescaler                       0x080018f1   Thumb Code    16  stm32f10x_usart.o(.text)
    USART_SmartCardCmd                       0x08001901   Thumb Code    24  stm32f10x_usart.o(.text)
    USART_SmartCardNACKCmd                   0x08001919   Thumb Code    24  stm32f10x_usart.o(.text)
    USART_HalfDuplexCmd                      0x08001931   Thumb Code    24  stm32f10x_usart.o(.text)
    USART_OverSampling8Cmd                   0x08001949   Thumb Code    22  stm32f10x_usart.o(.text)
    USART_OneBitMethodCmd                    0x0800195f   Thumb Code    24  stm32f10x_usart.o(.text)
    USART_IrDAConfig                         0x08001977   Thumb Code    18  stm32f10x_usart.o(.text)
    USART_IrDACmd                            0x08001989   Thumb Code    24  stm32f10x_usart.o(.text)
    USART_GetFlagStatus                      0x080019a1   Thumb Code    26  stm32f10x_usart.o(.text)
    USART_ClearFlag                          0x080019bb   Thumb Code    18  stm32f10x_usart.o(.text)
    USART_GetITStatus                        0x080019cd   Thumb Code    84  stm32f10x_usart.o(.text)
    USART_ClearITPendingBit                  0x08001a21   Thumb Code    52  stm32f10x_usart.o(.text)
    NVIC_PriorityGroupConfig                 0x08001a55   Thumb Code    10  misc.o(.text)
    NVIC_Init                                0x08001a5f   Thumb Code   100  misc.o(.text)
    NVIC_SetVectorTable                      0x08001ac3   Thumb Code    14  misc.o(.text)
    NVIC_SystemLPConfig                      0x08001ad1   Thumb Code    34  misc.o(.text)
    SysTick_CLKSourceConfig                  0x08001af3   Thumb Code    40  misc.o(.text)
    FLASH_SetLatency                         0x08001b31   Thumb Code    18  stm32f10x_flash.o(.text)
    FLASH_HalfCycleAccessCmd                 0x08001b43   Thumb Code    22  stm32f10x_flash.o(.text)
    FLASH_PrefetchBufferCmd                  0x08001b59   Thumb Code    22  stm32f10x_flash.o(.text)
    FLASH_Unlock                             0x08001b6f   Thumb Code    12  stm32f10x_flash.o(.text)
    FLASH_UnlockBank1                        0x08001b7b   Thumb Code    12  stm32f10x_flash.o(.text)
    FLASH_Lock                               0x08001b87   Thumb Code    14  stm32f10x_flash.o(.text)
    FLASH_LockBank1                          0x08001b95   Thumb Code    14  stm32f10x_flash.o(.text)
    FLASH_GetBank1Status                     0x08001ba3   Thumb Code    48  stm32f10x_flash.o(.text)
    FLASH_WaitForLastOperation               0x08001bd3   Thumb Code    38  stm32f10x_flash.o(.text)
    FLASH_ErasePage                          0x08001bf9   Thumb Code    72  stm32f10x_flash.o(.text)
    FLASH_EraseAllPages                      0x08001c41   Thumb Code    68  stm32f10x_flash.o(.text)
    FLASH_WaitForLastBank1Operation          0x08001c85   Thumb Code    38  stm32f10x_flash.o(.text)
    FLASH_EraseAllBank1Pages                 0x08001cab   Thumb Code    68  stm32f10x_flash.o(.text)
    FLASH_GetReadOutProtectionStatus         0x08001cef   Thumb Code    20  stm32f10x_flash.o(.text)
    FLASH_EraseOptionBytes                   0x08001d03   Thumb Code   150  stm32f10x_flash.o(.text)
    FLASH_ProgramWord                        0x08001d99   Thumb Code   102  stm32f10x_flash.o(.text)
    FLASH_ProgramHalfWord                    0x08001dff   Thumb Code    60  stm32f10x_flash.o(.text)
    FLASH_ProgramOptionByteData              0x08001e3b   Thumb Code    72  stm32f10x_flash.o(.text)
    FLASH_EnableWriteProtection              0x08001e83   Thumb Code   200  stm32f10x_flash.o(.text)
    FLASH_ReadOutProtection                  0x08001f4b   Thumb Code   156  stm32f10x_flash.o(.text)
    FLASH_UserOptionByteConfig               0x08001fe7   Thumb Code    88  stm32f10x_flash.o(.text)
    FLASH_GetUserOptionByte                  0x0800203f   Thumb Code     8  stm32f10x_flash.o(.text)
    FLASH_GetWriteProtectionOptionByte       0x08002047   Thumb Code     6  stm32f10x_flash.o(.text)
    FLASH_GetPrefetchBufferStatus            0x0800204d   Thumb Code    20  stm32f10x_flash.o(.text)
    FLASH_ITConfig                           0x08002061   Thumb Code    26  stm32f10x_flash.o(.text)
    FLASH_GetFlagStatus                      0x0800207b   Thumb Code    42  stm32f10x_flash.o(.text)
    FLASH_ClearFlag                          0x080020a5   Thumb Code     6  stm32f10x_flash.o(.text)
    FLASH_GetStatus                          0x080020ab   Thumb Code    48  stm32f10x_flash.o(.text)
    TIM_DeInit                               0x080020ed   Thumb Code   424  stm32f10x_tim.o(.text)
    TIM_TimeBaseInit                         0x08002295   Thumb Code   122  stm32f10x_tim.o(.text)
    TIM_OC1Init                              0x0800230f   Thumb Code   132  stm32f10x_tim.o(.text)
    TIM_OC2Init                              0x08002393   Thumb Code   154  stm32f10x_tim.o(.text)
    TIM_OC3Init                              0x0800242d   Thumb Code   150  stm32f10x_tim.o(.text)
    TIM_OC4Init                              0x080024c3   Thumb Code   182  stm32f10x_tim.o(.text)
    TIM_SetIC4Prescaler                      0x08002579   Thumb Code    26  stm32f10x_tim.o(.text)
    TIM_SetIC3Prescaler                      0x08002615   Thumb Code    18  stm32f10x_tim.o(.text)
    TIM_SetIC2Prescaler                      0x080026a1   Thumb Code    26  stm32f10x_tim.o(.text)
    TIM_SetIC1Prescaler                      0x0800273d   Thumb Code    18  stm32f10x_tim.o(.text)
    TIM_ICInit                               0x080027bb   Thumb Code   150  stm32f10x_tim.o(.text)
    TIM_PWMIConfig                           0x08002851   Thumb Code   124  stm32f10x_tim.o(.text)
    TIM_BDTRConfig                           0x080028cd   Thumb Code    32  stm32f10x_tim.o(.text)
    TIM_TimeBaseStructInit                   0x080028ed   Thumb Code    18  stm32f10x_tim.o(.text)
    TIM_OCStructInit                         0x080028ff   Thumb Code    20  stm32f10x_tim.o(.text)
    TIM_ICStructInit                         0x08002913   Thumb Code    18  stm32f10x_tim.o(.text)
    TIM_BDTRStructInit                       0x08002925   Thumb Code    40  stm32f10x_tim.o(.text)
    TIM_Cmd                                  0x0800294d   Thumb Code    24  stm32f10x_tim.o(.text)
    TIM_CtrlPWMOutputs                       0x08002965   Thumb Code    30  stm32f10x_tim.o(.text)
    TIM_ITConfig                             0x08002983   Thumb Code    18  stm32f10x_tim.o(.text)
    TIM_GenerateEvent                        0x08002995   Thumb Code     4  stm32f10x_tim.o(.text)
    TIM_DMAConfig                            0x08002999   Thumb Code    10  stm32f10x_tim.o(.text)
    TIM_DMACmd                               0x080029a3   Thumb Code    18  stm32f10x_tim.o(.text)
    TIM_InternalClockConfig                  0x080029b5   Thumb Code    12  stm32f10x_tim.o(.text)
    TIM_SelectInputTrigger                   0x080029c1   Thumb Code    18  stm32f10x_tim.o(.text)
    TIM_ITRxExternalClockConfig              0x080029d3   Thumb Code    24  stm32f10x_tim.o(.text)
    TIM_TIxExternalClockConfig               0x080029eb   Thumb Code    62  stm32f10x_tim.o(.text)
    TIM_ETRConfig                            0x08002a29   Thumb Code    28  stm32f10x_tim.o(.text)
    TIM_ETRClockMode1Config                  0x08002a45   Thumb Code    54  stm32f10x_tim.o(.text)
    TIM_ETRClockMode2Config                  0x08002a7b   Thumb Code    32  stm32f10x_tim.o(.text)
    TIM_PrescalerConfig                      0x08002a9b   Thumb Code     6  stm32f10x_tim.o(.text)
    TIM_CounterModeConfig                    0x08002aa1   Thumb Code    18  stm32f10x_tim.o(.text)
    TIM_EncoderInterfaceConfig               0x08002ab3   Thumb Code    66  stm32f10x_tim.o(.text)
    TIM_ForcedOC1Config                      0x08002af5   Thumb Code    18  stm32f10x_tim.o(.text)
    TIM_ForcedOC2Config                      0x08002b07   Thumb Code    26  stm32f10x_tim.o(.text)
    TIM_ForcedOC3Config                      0x08002b21   Thumb Code    18  stm32f10x_tim.o(.text)
    TIM_ForcedOC4Config                      0x08002b33   Thumb Code    26  stm32f10x_tim.o(.text)
    TIM_ARRPreloadConfig                     0x08002b4d   Thumb Code    24  stm32f10x_tim.o(.text)
    TIM_SelectCOM                            0x08002b65   Thumb Code    24  stm32f10x_tim.o(.text)
    TIM_SelectCCDMA                          0x08002b7d   Thumb Code    24  stm32f10x_tim.o(.text)
    TIM_CCPreloadControl                     0x08002b95   Thumb Code    24  stm32f10x_tim.o(.text)
    TIM_OC1PreloadConfig                     0x08002bad   Thumb Code    18  stm32f10x_tim.o(.text)
    TIM_OC2PreloadConfig                     0x08002bbf   Thumb Code    26  stm32f10x_tim.o(.text)
    TIM_OC3PreloadConfig                     0x08002bd9   Thumb Code    18  stm32f10x_tim.o(.text)
    TIM_OC4PreloadConfig                     0x08002beb   Thumb Code    26  stm32f10x_tim.o(.text)
    TIM_OC1FastConfig                        0x08002c05   Thumb Code    18  stm32f10x_tim.o(.text)
    TIM_OC2FastConfig                        0x08002c17   Thumb Code    26  stm32f10x_tim.o(.text)
    TIM_OC3FastConfig                        0x08002c31   Thumb Code    18  stm32f10x_tim.o(.text)
    TIM_OC4FastConfig                        0x08002c43   Thumb Code    26  stm32f10x_tim.o(.text)
    TIM_ClearOC1Ref                          0x08002c5d   Thumb Code    18  stm32f10x_tim.o(.text)
    TIM_ClearOC2Ref                          0x08002c6f   Thumb Code    24  stm32f10x_tim.o(.text)
    TIM_ClearOC3Ref                          0x08002c87   Thumb Code    18  stm32f10x_tim.o(.text)
    TIM_ClearOC4Ref                          0x08002c99   Thumb Code    24  stm32f10x_tim.o(.text)
    TIM_OC1PolarityConfig                    0x08002cb1   Thumb Code    18  stm32f10x_tim.o(.text)
    TIM_OC1NPolarityConfig                   0x08002cc3   Thumb Code    18  stm32f10x_tim.o(.text)
    TIM_OC2PolarityConfig                    0x08002cd5   Thumb Code    26  stm32f10x_tim.o(.text)
    TIM_OC2NPolarityConfig                   0x08002cef   Thumb Code    26  stm32f10x_tim.o(.text)
    TIM_OC3PolarityConfig                    0x08002d09   Thumb Code    26  stm32f10x_tim.o(.text)
    TIM_OC3NPolarityConfig                   0x08002d23   Thumb Code    26  stm32f10x_tim.o(.text)
    TIM_OC4PolarityConfig                    0x08002d3d   Thumb Code    26  stm32f10x_tim.o(.text)
    TIM_CCxCmd                               0x08002d57   Thumb Code    30  stm32f10x_tim.o(.text)
    TIM_CCxNCmd                              0x08002d75   Thumb Code    30  stm32f10x_tim.o(.text)
    TIM_SelectOCxM                           0x08002d93   Thumb Code    82  stm32f10x_tim.o(.text)
    TIM_UpdateDisableConfig                  0x08002de5   Thumb Code    24  stm32f10x_tim.o(.text)
    TIM_UpdateRequestConfig                  0x08002dfd   Thumb Code    24  stm32f10x_tim.o(.text)
    TIM_SelectHallSensor                     0x08002e15   Thumb Code    24  stm32f10x_tim.o(.text)
    TIM_SelectOnePulseMode                   0x08002e2d   Thumb Code    18  stm32f10x_tim.o(.text)
    TIM_SelectOutputTrigger                  0x08002e3f   Thumb Code    18  stm32f10x_tim.o(.text)
    TIM_SelectSlaveMode                      0x08002e51   Thumb Code    18  stm32f10x_tim.o(.text)
    TIM_SelectMasterSlaveMode                0x08002e63   Thumb Code    18  stm32f10x_tim.o(.text)
    TIM_SetCounter                           0x08002e75   Thumb Code     4  stm32f10x_tim.o(.text)
    TIM_SetAutoreload                        0x08002e79   Thumb Code     4  stm32f10x_tim.o(.text)
    TIM_SetCompare1                          0x08002e7d   Thumb Code     4  stm32f10x_tim.o(.text)
    TIM_SetCompare2                          0x08002e81   Thumb Code     4  stm32f10x_tim.o(.text)
    TIM_SetCompare3                          0x08002e85   Thumb Code     4  stm32f10x_tim.o(.text)
    TIM_SetCompare4                          0x08002e89   Thumb Code     6  stm32f10x_tim.o(.text)
    TIM_SetClockDivision                     0x08002e8f   Thumb Code    18  stm32f10x_tim.o(.text)
    TIM_GetCapture1                          0x08002ea1   Thumb Code     6  stm32f10x_tim.o(.text)
    TIM_GetCapture2                          0x08002ea7   Thumb Code     6  stm32f10x_tim.o(.text)
    TIM_GetCapture3                          0x08002ead   Thumb Code     6  stm32f10x_tim.o(.text)
    TIM_GetCapture4                          0x08002eb3   Thumb Code     8  stm32f10x_tim.o(.text)
    TIM_GetCounter                           0x08002ebb   Thumb Code     6  stm32f10x_tim.o(.text)
    TIM_GetPrescaler                         0x08002ec1   Thumb Code     6  stm32f10x_tim.o(.text)
    TIM_GetFlagStatus                        0x08002ec7   Thumb Code    18  stm32f10x_tim.o(.text)
    TIM_ClearFlag                            0x08002ed9   Thumb Code     6  stm32f10x_tim.o(.text)
    TIM_GetITStatus                          0x08002edf   Thumb Code    34  stm32f10x_tim.o(.text)
    TIM_ClearITPendingBit                    0x08002f01   Thumb Code     6  stm32f10x_tim.o(.text)
    DMA_DeInit                               0x08002f09   Thumb Code   324  stm32f10x_dma.o(.text)
    DMA_Init                                 0x0800304d   Thumb Code    60  stm32f10x_dma.o(.text)
    DMA_StructInit                           0x08003089   Thumb Code    26  stm32f10x_dma.o(.text)
    DMA_Cmd                                  0x080030a3   Thumb Code    24  stm32f10x_dma.o(.text)
    DMA_ITConfig                             0x080030bb   Thumb Code    18  stm32f10x_dma.o(.text)
    DMA_SetCurrDataCounter                   0x080030cd   Thumb Code     4  stm32f10x_dma.o(.text)
    DMA_GetCurrDataCounter                   0x080030d1   Thumb Code     8  stm32f10x_dma.o(.text)
    DMA_GetFlagStatus                        0x080030d9   Thumb Code    40  stm32f10x_dma.o(.text)
    DMA_ClearFlag                            0x08003101   Thumb Code    22  stm32f10x_dma.o(.text)
    DMA_GetITStatus                          0x08003117   Thumb Code    40  stm32f10x_dma.o(.text)
    DMA_ClearITPendingBit                    0x0800313f   Thumb Code    22  stm32f10x_dma.o(.text)
    ADC_DeInit                               0x0800315d   Thumb Code    78  stm32f10x_adc.o(.text)
    ADC_Init                                 0x080031ab   Thumb Code    70  stm32f10x_adc.o(.text)
    ADC_StructInit                           0x080031f1   Thumb Code    18  stm32f10x_adc.o(.text)
    ADC_Cmd                                  0x08003203   Thumb Code    22  stm32f10x_adc.o(.text)
    ADC_DMACmd                               0x08003219   Thumb Code    22  stm32f10x_adc.o(.text)
    ADC_ITConfig                             0x0800322f   Thumb Code    24  stm32f10x_adc.o(.text)
    ADC_ResetCalibration                     0x08003247   Thumb Code    10  stm32f10x_adc.o(.text)
    ADC_GetResetCalibrationStatus            0x08003251   Thumb Code    20  stm32f10x_adc.o(.text)
    ADC_StartCalibration                     0x08003265   Thumb Code    10  stm32f10x_adc.o(.text)
    ADC_GetCalibrationStatus                 0x0800326f   Thumb Code    20  stm32f10x_adc.o(.text)
    ADC_SoftwareStartConvCmd                 0x08003283   Thumb Code    22  stm32f10x_adc.o(.text)
    ADC_GetSoftwareStartConvStatus           0x08003299   Thumb Code    20  stm32f10x_adc.o(.text)
    ADC_DiscModeChannelCountConfig           0x080032ad   Thumb Code    24  stm32f10x_adc.o(.text)
    ADC_DiscModeCmd                          0x080032c5   Thumb Code    22  stm32f10x_adc.o(.text)
    ADC_RegularChannelConfig                 0x080032db   Thumb Code   184  stm32f10x_adc.o(.text)
    ADC_ExternalTrigConvCmd                  0x08003393   Thumb Code    22  stm32f10x_adc.o(.text)
    ADC_GetConversionValue                   0x080033a9   Thumb Code     8  stm32f10x_adc.o(.text)
    ADC_GetDualModeConversionValue           0x080033b1   Thumb Code     8  stm32f10x_adc.o(.text)
    ADC_AutoInjectedConvCmd                  0x080033b9   Thumb Code    22  stm32f10x_adc.o(.text)
    ADC_InjectedDiscModeCmd                  0x080033cf   Thumb Code    22  stm32f10x_adc.o(.text)
    ADC_ExternalTrigInjectedConvConfig       0x080033e5   Thumb Code    16  stm32f10x_adc.o(.text)
    ADC_ExternalTrigInjectedConvCmd          0x080033f5   Thumb Code    22  stm32f10x_adc.o(.text)
    ADC_SoftwareStartInjectedConvCmd         0x0800340b   Thumb Code    22  stm32f10x_adc.o(.text)
    ADC_GetSoftwareStartInjectedConvCmdStatus 0x08003421   Thumb Code    20  stm32f10x_adc.o(.text)
    ADC_InjectedChannelConfig                0x08003435   Thumb Code   130  stm32f10x_adc.o(.text)
    ADC_InjectedSequencerLengthConfig        0x080034b7   Thumb Code    24  stm32f10x_adc.o(.text)
    ADC_SetInjectedOffset                    0x080034cf   Thumb Code    20  stm32f10x_adc.o(.text)
    ADC_GetInjectedConversionValue           0x080034e3   Thumb Code    28  stm32f10x_adc.o(.text)
    ADC_AnalogWatchdogCmd                    0x080034ff   Thumb Code    16  stm32f10x_adc.o(.text)
    ADC_AnalogWatchdogThresholdsConfig       0x0800350f   Thumb Code     6  stm32f10x_adc.o(.text)
    ADC_AnalogWatchdogSingleChannelConfig    0x08003515   Thumb Code    16  stm32f10x_adc.o(.text)
    ADC_TempSensorVrefintCmd                 0x08003525   Thumb Code    64  stm32f10x_adc.o(.text)
    ADC_GetFlagStatus                        0x08003565   Thumb Code    18  stm32f10x_adc.o(.text)
    ADC_ClearFlag                            0x08003577   Thumb Code     6  stm32f10x_adc.o(.text)
    ADC_GetITStatus                          0x0800357d   Thumb Code    36  stm32f10x_adc.o(.text)
    ADC_ClearITPendingBit                    0x080035a1   Thumb Code    10  stm32f10x_adc.o(.text)
    InitKeyboard                             0x080035ef   Thumb Code    92  keyboard.o(.text)
    EXTI9_5_IRQHandler                       0x0800364b   Thumb Code   484  keyboard.o(.text)
    EXTI4_IRQHandler                         0x0800382f   Thumb Code    62  keyboard.o(.text)
    key_Event                                0x0800386d   Thumb Code    56  keyboard.o(.text)
    key_event_buys                           0x080038bf   Thumb Code     8  keyboard.o(.text)
    key_event_lesure                         0x080038c7   Thumb Code    14  keyboard.o(.text)
    TIM4_Int_Init                            0x08003911   Thumb Code    88  timer.o(.text)
    TIM3_Int_Init                            0x08003969   Thumb Code   100  timer.o(.text)
    TIM3_IRQHandler                          0x080039cd   Thumb Code    56  timer.o(.text)
    TmRegsiter                               0x08003a05   Thumb Code   104  timer.o(.text)
    UnTMRegsiter                             0x08003a6d   Thumb Code   106  timer.o(.text)
    Event_Manage                             0x08003ad7   Thumb Code   206  timer.o(.text)
    Send_MessagetoQueue                      0x08003ba5   Thumb Code    94  timer.o(.text)
    Recevie_MessagetoQueue                   0x08003c03   Thumb Code   102  timer.o(.text)
    TIM4_IRQHandler                          0x08003c69   Thumb Code   112  timer.o(.text)
    GET_FLOW                                 0x08003cd9   Thumb Code   130  timer.o(.text)
    OFF_UPF                                  0x08003d5b   Thumb Code     8  timer.o(.text)
    GET_UP_TIMER                             0x08003d63   Thumb Code    56  timer.o(.text)
    OFF_ROF                                  0x08003d9b   Thumb Code    10  timer.o(.text)
    GET_RO_TIMER                             0x08003da5   Thumb Code    56  timer.o(.text)
    OFF_EDIF                                 0x08003ddd   Thumb Code    10  timer.o(.text)
    GET_EDI_TIMER                            0x08003de7   Thumb Code    56  timer.o(.text)
    Iinit_Output_Io                          0x08003e31   Thumb Code   178  io.o(.text)
    Init_In_IO                               0x08003ee3   Thumb Code    32  io.o(.text)
    IO_INIT                                  0x08003f03   Thumb Code    12  io.o(.text)
    Close_ALL_IO                             0x08003f0f   Thumb Code    72  io.o(.text)
    Seve_Userdata                            0x08003f8d   Thumb Code   172  falshmanege.o(.text)
    Read_Userdata                            0x08004039   Thumb Code   508  falshmanege.o(.text)
    Writer_GetWater_Data                     0x08004235   Thumb Code   238  falshmanege.o(.text)
    Clean_GetWater_Data                      0x08004323   Thumb Code    54  falshmanege.o(.text)
    Seve_Admindata                           0x08004359   Thumb Code    18  falshmanege.o(.text)
    Read_Admindata                           0x0800436b   Thumb Code   124  falshmanege.o(.text)
    A_CX_Step3                               0x080043ed   Thumb Code   164  app.o(.text)
    A_CX_Step2                               0x08004491   Thumb Code    46  app.o(.text)
    A_CX_Step1                               0x080044bf   Thumb Code    36  app.o(.text)
    Machine_A_Routine                        0x080044e3   Thumb Code   620  app.o(.text)
    B_CX_Step2                               0x0800474f   Thumb Code    14  app.o(.text)
    B_CX_Step1                               0x0800475d   Thumb Code    48  app.o(.text)
    Machine_B_Routine                        0x0800478d   Thumb Code  1388  app.o(.text)
    Machine_C_Routine                        0x08004cf9   Thumb Code   700  app.o(.text)
    Machine_D_Routine                        0x08004fb5   Thumb Code   662  app.o(.text)
    Sotf_Versions_Controller                 0x0800524b   Thumb Code    52  app.o(.text)
    Send                                     0x080052ad   Thumb Code   230  dis12864.o(.text)
    Disp_HZ                                  0x08005393   Thumb Code    46  dis12864.o(.text)
    Display_Refresh                          0x080053c1   Thumb Code    82  dis12864.o(.text)
    Display_RefreshAll                       0x08005413   Thumb Code    28  dis12864.o(.text)
    DisplayBuf_Clr                           0x0800542f   Thumb Code    36  dis12864.o(.text)
    Clear_GDRAM                              0x08005453   Thumb Code   128  dis12864.o(.text)
    Draw_CGROM                               0x080054d3   Thumb Code    46  dis12864.o(.text)
    Ini_Lcd                                  0x08005501   Thumb Code   228  dis12864.o(.text)
    Draw_PM                                  0x080055e5   Thumb Code   146  dis12864.o(.text)
    Draw_TX                                  0x08005677   Thumb Code   122  dis12864.o(.text)
    Clr_Pictrue                              0x080056f1   Thumb Code   136  dis12864.o(.text)
    Clr_PictruePre                           0x08005779   Thumb Code   120  dis12864.o(.text)
    OppositeColor                            0x080057f1   Thumb Code   156  dis12864.o(.text)
    DisplayBuf_ClrRow                        0x0800588d   Thumb Code    26  dis12864.o(.text)
    DisplayTemp                              0x080058a7   Thumb Code   358  dis12864.o(.text)
    DisplayHum                               0x08005a0d   Thumb Code   128  dis12864.o(.text)
    DisplayFloat                             0x08005a8d   Thumb Code   270  dis12864.o(.text)
    DisplayFloat1                            0x08005b9b   Thumb Code   276  dis12864.o(.text)
    DisplayInt                               0x08005caf   Thumb Code   220  dis12864.o(.text)
    DS1302delay                              0x08005d95   Thumb Code    16  ds1302.o(.text)
    Reset_DS1302                             0x08005da5   Thumb Code   108  ds1302.o(.text)
    Write1Byte                               0x08005e11   Thumb Code   146  ds1302.o(.text)
    Read1Byte                                0x08005ea3   Thumb Code   118  ds1302.o(.text)
    W_Data                                   0x08005f19   Thumb Code    96  ds1302.o(.text)
    R_Data                                   0x08005f79   Thumb Code    96  ds1302.o(.text)
    BurstWrite1302                           0x08005fd9   Thumb Code   124  ds1302.o(.text)
    BurstRead1302                            0x08006055   Thumb Code   108  ds1302.o(.text)
    BurstWriteRAM                            0x080060c1   Thumb Code   124  ds1302.o(.text)
    BurstReadRAM                             0x0800613d   Thumb Code   122  ds1302.o(.text)
    Set_DS1302                               0x080061b7   Thumb Code    50  ds1302.o(.text)
    Get_DS1302                               0x080061e9   Thumb Code    32  ds1302.o(.text)
    DS1302_10toData                          0x08006209   Thumb Code   264  ds1302.o(.text)
    DS1302_Datato10                          0x08006311   Thumb Code   202  ds1302.o(.text)
    DS1302_POWER                             0x080063db   Thumb Code    24  ds1302.o(.text)
    Timer_DisChar                            0x080063f3   Thumb Code   256  ds1302.o(.text)
    Timer_DisChar_EX                         0x080064f3   Thumb Code   480  ds1302.o(.text)
    VoiceIO_Init                             0x080066d9   Thumb Code   122  voice.o(.text)
    VoiceOut                                 0x08006753   Thumb Code   176  voice.o(.text)
    Highset_OutputTest                       0x0800680d   Thumb Code  1100  admin.o(.text)
    Highset_WaterTest                        0x08006c59   Thumb Code   506  admin.o(.text)
    Highset_VoiceTest                        0x08006e53   Thumb Code   206  admin.o(.text)
    Highset_RO_Flow_Set                      0x08006f21   Thumb Code   476  admin.o(.text)
    Highset_UP_Flow_Set                      0x080070fd   Thumb Code   430  admin.o(.text)
    Highset_ED_Flow_Set                      0x080072ab   Thumb Code   424  admin.o(.text)
    Highset_Resistivity_ADJ_Set              0x08007453   Thumb Code   714  admin.o(.text)
    RO_Dis                                   0x0800771d   Thumb Code   376  admin.o(.text)
    Highset_Conductance_ADJ_Set              0x08007895   Thumb Code   382  admin.o(.text)
    Highset_Conductance_source_ADJ_Set       0x08007a13   Thumb Code   720  admin.o(.text)
    EDI_Dis                                  0x08007ce3   Thumb Code   108  admin.o(.text)
    Highset_Conductance_EDI_ADJ_Set          0x08007d4f   Thumb Code   384  admin.o(.text)
    Highset_Version_Set                      0x08007ecf   Thumb Code   222  admin.o(.text)
    Highset_WaterQuality_UP                  0x08007fad   Thumb Code   674  admin.o(.text)
    Highset_WaterQuality_XH                  0x0800824f   Thumb Code   624  admin.o(.text)
    Highset_WaterQuality_XH_TM               0x080084bf   Thumb Code   612  admin.o(.text)
    Highset_WaterQuality_RO                  0x08008723   Thumb Code   318  admin.o(.text)
    Highset_WaterQuality_ED                  0x08008861   Thumb Code   364  admin.o(.text)
    Highset_Voltage_offset                   0x080089cd   Thumb Code   308  admin.o(.text)
    Highset_Force_Stop_GetWater              0x08008b01   Thumb Code   242  admin.o(.text)
    Highset_RO_Conductance_Rang              0x08008bf3   Thumb Code   238  admin.o(.text)
    Highset_EDI_Conductance_Rang             0x08008ce1   Thumb Code   272  admin.o(.text)
    AdminCodeJudge                           0x08008df1   Thumb Code   420  admin.o(.text)
    Restore_Factory_Setting                  0x08008f95   Thumb Code   346  admin.o(.text)
    Admin_Interface                          0x080090ef   Thumb Code   726  admin.o(.text)
    go_admin                                 0x080093c5   Thumb Code    14  admin.o(.text)
    GET_Warte_Judeg                          0x080093f5   Thumb Code    56  getwarte.o(.text)
    Change_Warn                              0x0800942d   Thumb Code    46  getwarte.o(.text)
    Save_RO_GETWarte                         0x0800945b   Thumb Code   176  getwarte.o(.text)
    GetRO                                    0x0800950b   Thumb Code   380  getwarte.o(.text)
    Save_EDI_GETWarte                        0x08009687   Thumb Code   186  getwarte.o(.text)
    GetEDI                                   0x08009741   Thumb Code   436  getwarte.o(.text)
    Save_UP_GETWarte                         0x080098f5   Thumb Code   186  getwarte.o(.text)
    GetUP                                    0x080099af   Thumb Code   984  getwarte.o(.text)
    GetRO_Quantify                           0x08009d87   Thumb Code   888  getwarte.o(.text)
    GetEDI_Quantify                          0x0800a0ff   Thumb Code   794  getwarte.o(.text)
    GetUP_Quantify                           0x0800a419   Thumb Code  1614  getwarte.o(.text)
    GetWater                                 0x0800aa67   Thumb Code   448  getwarte.o(.text)
    Check_SC_Conductance                     0x0800ac51   Thumb Code   266  query.o(.text)
    Check_Output_VA1_0                       0x0800ad5b   Thumb Code   184  query.o(.text)
    Check_Output_VB1_0                       0x0800ae13   Thumb Code   184  query.o(.text)
    Check_Output_VC1_0                       0x0800aecb   Thumb Code   184  query.o(.text)
    Check_Output                             0x0800af83   Thumb Code   174  query.o(.text)
    Check_Input_VA1_0                        0x0800b031   Thumb Code   174  query.o(.text)
    Check_Input_VB1_0                        0x0800b0df   Thumb Code   196  query.o(.text)
    Check_Input_VC1_0                        0x0800b1a3   Thumb Code   196  query.o(.text)
    Check_Input                              0x0800b267   Thumb Code   176  query.o(.text)
    CompanyInformation                       0x0800b317   Thumb Code   178  query.o(.text)
    SoftwareInformation                      0x0800b3c9   Thumb Code   228  query.o(.text)
    Menu_UserCheck                           0x0800b4ad   Thumb Code   420  query.o(.text)
    DeviceWash                               0x0800b661   Thumb Code   248  useset.o(.text)
    DS1302_TimeSet                           0x0800b759   Thumb Code  1302  useset.o(.text)
    Change_RO_UP                             0x0800bc6f   Thumb Code   260  useset.o(.text)
    UserCodeChange                           0x0800bd73   Thumb Code   596  useset.o(.text)
    Communication_Set                        0x0800bfc7   Thumb Code   240  useset.o(.text)
    StartTime_Set                            0x0800c0b7   Thumb Code   416  useset.o(.text)
    StopTime_Set                             0x0800c257   Thumb Code   438  useset.o(.text)
    UserCodeJudge                            0x0800c40d   Thumb Code   408  useset.o(.text)
    Dis_HistoryRO_Add                        0x0800c5a5   Thumb Code   616  useset.o(.text)
    Dis_HistoryUP_Add                        0x0800c80d   Thumb Code   556  useset.o(.text)
    Dis_HistoryEDI_Add                       0x0800ca39   Thumb Code   608  useset.o(.text)
    ClearHistoryData_Dis                     0x0800cc99   Thumb Code   274  useset.o(.text)
    Dis_History_Check                        0x0800ce4b   Thumb Code   824  useset.o(.text)
    History_Query                            0x0800d183   Thumb Code   474  useset.o(.text)
    HX_Function                              0x0800d35d   Thumb Code   248  useset.o(.text)
    Menu_Userset                             0x0800d455   Thumb Code   510  useset.o(.text)
    Quick_GetWater                           0x0800d66d   Thumb Code   124  menu.o(.text)
    WaitDisplay                              0x0800d6e9   Thumb Code    58  menu.o(.text)
    ShowDataTime                             0x0800d723   Thumb Code    60  menu.o(.text)
    ShowMeun                                 0x0800d75f   Thumb Code    24  menu.o(.text)
    ShowState                                0x0800d777   Thumb Code   228  menu.o(.text)
    ShowVersion                              0x0800d85b   Thumb Code   134  menu.o(.text)
    CurrentDisplay                           0x0800d8e1   Thumb Code   342  menu.o(.text)
    menu                                     0x0800da37   Thumb Code   346  menu.o(.text)
    __use_no_semihosting                     0x0800dba1   Thumb Code     2  use_no_semi_2.o(.text)
    __aeabi_ldivmod                          0x0800dba3   Thumb Code     0  llsdiv.o(.text)
    _ll_sdiv                                 0x0800dba3   Thumb Code    72  llsdiv.o(.text)
    __aeabi_memcpy                           0x0800dbeb   Thumb Code     0  rt_memcpy_v6.o(.text)
    __rt_memcpy                              0x0800dbeb   Thumb Code   138  rt_memcpy_v6.o(.text)
    _memcpy_lastbytes                        0x0800dc51   Thumb Code     0  rt_memcpy_v6.o(.text)
    __aeabi_memclr4                          0x0800dc75   Thumb Code     0  rt_memclr_w.o(.text)
    __aeabi_memclr8                          0x0800dc75   Thumb Code     0  rt_memclr_w.o(.text)
    __rt_memclr_w                            0x0800dc75   Thumb Code    78  rt_memclr_w.o(.text)
    _memset_w                                0x0800dc79   Thumb Code     0  rt_memclr_w.o(.text)
    strcmp                                   0x0800dcc5   Thumb Code   128  strcmpv7m.o(.text)
    __use_two_region_memory                  0x0800dd45   Thumb Code     2  heapauxi.o(.text)
    __rt_heap_escrow$2region                 0x0800dd47   Thumb Code     2  heapauxi.o(.text)
    __rt_heap_expand$2region                 0x0800dd49   Thumb Code     2  heapauxi.o(.text)
    __I$use$semihosting                      0x0800dd4b   Thumb Code     0  use_no_semi.o(.text)
    __use_no_semihosting_swi                 0x0800dd4b   Thumb Code     2  use_no_semi.o(.text)
    __aeabi_uldivmod                         0x0800dd4d   Thumb Code     0  lludivv7m.o(.text)
    _ll_udiv                                 0x0800dd4d   Thumb Code   238  lludivv7m.o(.text)
    __aeabi_memcpy4                          0x0800de3b   Thumb Code     0  rt_memcpy_w.o(.text)
    __aeabi_memcpy8                          0x0800de3b   Thumb Code     0  rt_memcpy_w.o(.text)
    __rt_memcpy_w                            0x0800de3b   Thumb Code   100  rt_memcpy_w.o(.text)
    _memcpy_lastbytes_aligned                0x0800de83   Thumb Code     0  rt_memcpy_w.o(.text)
    __user_setup_stackheap                   0x0800de9f   Thumb Code    74  sys_stackheap_outer.o(.text)
    exit                                     0x0800dee9   Thumb Code    18  exit.o(.text)
    __user_libspace                          0x0800defd   Thumb Code     8  libspace.o(.text)
    __user_perproc_libspace                  0x0800defd   Thumb Code     0  libspace.o(.text)
    __user_perthread_libspace                0x0800defd   Thumb Code     0  libspace.o(.text)
    __aeabi_d2f                              0x0800df05   Thumb Code     0  d2f.o(x$fpl$d2f)
    _d2f                                     0x0800df05   Thumb Code    98  d2f.o(x$fpl$d2f)
    __aeabi_dadd                             0x0800df69   Thumb Code     0  daddsub_clz.o(x$fpl$dadd)
    _dadd                                    0x0800df69   Thumb Code   332  daddsub_clz.o(x$fpl$dadd)
    __fpl_dcmp_Inf                           0x0800e0b9   Thumb Code    24  dcmpi.o(x$fpl$dcmpinf)
    __aeabi_d2uiz                            0x0800e0d1   Thumb Code     0  dfixu.o(x$fpl$dfixu)
    _dfixu                                   0x0800e0d1   Thumb Code    90  dfixu.o(x$fpl$dfixu)
    __aeabi_i2d                              0x0800e12b   Thumb Code     0  dflt_clz.o(x$fpl$dflt)
    _dflt                                    0x0800e12b   Thumb Code    46  dflt_clz.o(x$fpl$dflt)
    __aeabi_cdcmple                          0x0800e159   Thumb Code     0  dleqf.o(x$fpl$dleqf)
    _dcmple                                  0x0800e159   Thumb Code   120  dleqf.o(x$fpl$dleqf)
    __fpl_dcmple_InfNaN                      0x0800e1bb   Thumb Code     0  dleqf.o(x$fpl$dleqf)
    __aeabi_dmul                             0x0800e1d1   Thumb Code     0  dmul.o(x$fpl$dmul)
    _dmul                                    0x0800e1d1   Thumb Code   332  dmul.o(x$fpl$dmul)
    __fpl_dnaninf                            0x0800e325   Thumb Code   156  dnaninf.o(x$fpl$dnaninf)
    __fpl_dretinf                            0x0800e3c1   Thumb Code    12  dretinf.o(x$fpl$dretinf)
    __aeabi_cdrcmple                         0x0800e3cd   Thumb Code     0  drleqf.o(x$fpl$drleqf)
    _drcmple                                 0x0800e3cd   Thumb Code   108  drleqf.o(x$fpl$drleqf)
    __aeabi_dsub                             0x0800e439   Thumb Code     0  daddsub_clz.o(x$fpl$dsub)
    _dsub                                    0x0800e439   Thumb Code   464  daddsub_clz.o(x$fpl$dsub)
    __aeabi_f2d                              0x0800e60d   Thumb Code     0  f2d.o(x$fpl$f2d)
    _f2d                                     0x0800e60d   Thumb Code    86  f2d.o(x$fpl$f2d)
    __aeabi_fadd                             0x0800e665   Thumb Code     0  faddsub_clz.o(x$fpl$fadd)
    _fadd                                    0x0800e665   Thumb Code   196  faddsub_clz.o(x$fpl$fadd)
    __fpl_fcmp_Inf                           0x0800e729   Thumb Code    24  fcmpi.o(x$fpl$fcmpinf)
    __aeabi_fdiv                             0x0800e741   Thumb Code     0  fdiv.o(x$fpl$fdiv)
    _fdiv                                    0x0800e741   Thumb Code   384  fdiv.o(x$fpl$fdiv)
    __aeabi_f2uiz                            0x0800e8c5   Thumb Code     0  ffixu.o(x$fpl$ffixu)
    _ffixu                                   0x0800e8c5   Thumb Code    62  ffixu.o(x$fpl$ffixu)
    __aeabi_i2f                              0x0800e905   Thumb Code     0  fflt_clz.o(x$fpl$fflt)
    _fflt                                    0x0800e905   Thumb Code    48  fflt_clz.o(x$fpl$fflt)
    __aeabi_ui2f                             0x0800e935   Thumb Code     0  fflt_clz.o(x$fpl$ffltu)
    _ffltu                                   0x0800e935   Thumb Code    38  fflt_clz.o(x$fpl$ffltu)
    __aeabi_cfcmple                          0x0800e95d   Thumb Code     0  fleqf.o(x$fpl$fleqf)
    _fcmple                                  0x0800e95d   Thumb Code   104  fleqf.o(x$fpl$fleqf)
    __fpl_fcmple_InfNaN                      0x0800e9af   Thumb Code     0  fleqf.o(x$fpl$fleqf)
    __aeabi_fmul                             0x0800e9c5   Thumb Code     0  fmul.o(x$fpl$fmul)
    _fmul                                    0x0800e9c5   Thumb Code   258  fmul.o(x$fpl$fmul)
    __fpl_fnaninf                            0x0800eac7   Thumb Code   140  fnaninf.o(x$fpl$fnaninf)
    __fpl_fretinf                            0x0800eb53   Thumb Code    10  fretinf.o(x$fpl$fretinf)
    __aeabi_cfrcmple                         0x0800eb5d   Thumb Code     0  frleqf.o(x$fpl$frleqf)
    _frcmple                                 0x0800eb5d   Thumb Code    98  frleqf.o(x$fpl$frleqf)
    __aeabi_fsub                             0x0800ebc1   Thumb Code     0  faddsub_clz.o(x$fpl$fsub)
    _fsub                                    0x0800ebc1   Thumb Code   234  faddsub_clz.o(x$fpl$fsub)
    Char_Space                               0x0800ecaa   Data          32  dis12864.o(.constdata)
    __I$use$fp                               0x0800ecaa   Number         0  usenofp.o(x$fpl$usenofp)
    Char_Degree                              0x0800ecca   Data          32  dis12864.o(.constdata)
    Char_Number                              0x0800ecea   Data          16  dis12864.o(.constdata)
    Char_Week                                0x0800ecfa   Data          42  dis12864.o(.constdata)
    Char_CompanyInfor                        0x0800ed24   Data          64  dis12864.o(.constdata)
    Char_versionNum                          0x0800ed64   Data          40  dis12864.o(.constdata)
    Char_ChangeWarn                          0x0800ed8c   Data          32  dis12864.o(.constdata)
    Char_versionInfor                        0x0800edac   Data           9  dis12864.o(.constdata)
    Char_InputCode                           0x0800edb5   Data          11  dis12864.o(.constdata)
    Char_InputNewCode                        0x0800edc0   Data          13  dis12864.o(.constdata)
    Char_StartPassWord                       0x0800edcd   Data          28  dis12864.o(.constdata)
    Char_XUfunction                          0x0800ede9   Data           8  dis12864.o(.constdata)
    Char_Wrong                               0x0800edf1   Data           4  dis12864.o(.constdata)
    Char_SureClearData                       0x0800edf5   Data          13  dis12864.o(.constdata)
    Char_SureChange                          0x0800ee02   Data          15  dis12864.o(.constdata)
    Char_YesNo                               0x0800ee11   Data           4  dis12864.o(.constdata)
    Char_SoftwareVersion                     0x0800ee15   Data           6  dis12864.o(.constdata)
    Char_VoiceTest                           0x0800ee1b   Data           5  dis12864.o(.constdata)
    Char_ProductionDate                      0x0800ee20   Data           9  dis12864.o(.constdata)
    Char_ProductionDate_Num                  0x0800ee29   Data          10  dis12864.o(.constdata)
    Char_UserMenu                            0x0800ee33   Data          72  dis12864.o(.constdata)
    Char_CheckMenu                           0x0800ee7b   Data          40  dis12864.o(.constdata)
    Char_CurrentMenu                         0x0800eea3   Data          16  dis12864.o(.constdata)
    Char_WordState                           0x0800eeb3   Data           6  dis12864.o(.constdata)
    Char_CurrentState                        0x0800eeb9   Data          70  dis12864.o(.constdata)
    Char_WaitDisplay                         0x0800eeff   Data          64  dis12864.o(.constdata)
    Char_QuickDisplay                        0x0800ef3f   Data          64  dis12864.o(.constdata)
    Char_QuickDisplay1                       0x0800ef7f   Data          64  dis12864.o(.constdata)
    Char_HighSet                             0x0800efbf   Data         240  dis12864.o(.constdata)
    Char_Force_StopGetWater                  0x0800f0af   Data          16  dis12864.o(.constdata)
    Char_RO_Conductance_Rang                 0x0800f0bf   Data          18  dis12864.o(.constdata)
    Char_HighSet_RO_Flow                     0x0800f0d1   Data           7  dis12864.o(.constdata)
    Char_HighSet_UP_Flow                     0x0800f0d8   Data           7  dis12864.o(.constdata)
    Char_HighSet_ED_Flow                     0x0800f0df   Data           7  dis12864.o(.constdata)
    Char_SensorBreak                         0x0800f0e6   Data          10  dis12864.o(.constdata)
    Char_SC_Conductance                      0x0800f0f0   Data          11  dis12864.o(.constdata)
    Char_SensorBreak_SC                      0x0800f0fb   Data          12  dis12864.o(.constdata)
    Char_HighSet_Resistivity                 0x0800f107   Data          13  dis12864.o(.constdata)
    Char_HighSet_Conductance                 0x0800f114   Data          13  dis12864.o(.constdata)
    Char_HighSet_Conductance_SC              0x0800f121   Data          13  dis12864.o(.constdata)
    Char_HighSet_Conductance_ED              0x0800f12e   Data          15  dis12864.o(.constdata)
    Char_DeviceM_0                           0x0800f13d   Data         216  dis12864.o(.constdata)
    Char_DeviceM_1                           0x0800f215   Data         216  dis12864.o(.constdata)
    Char_GetWater                            0x0800f2ed   Data          72  dis12864.o(.constdata)
    Char_History                             0x0800f335   Data          60  dis12864.o(.constdata)
    Char_Recordless                          0x0800f371   Data          14  dis12864.o(.constdata)
    Char_DeviceWashTxt                       0x0800f37f   Data          14  dis12864.o(.constdata)
    Char_DeviceWashTxt1                      0x0800f38d   Data          14  dis12864.o(.constdata)
    Char_Check_PressPump                     0x0800f39b   Data          24  dis12864.o(.constdata)
    Char_Check_Wash_per                      0x0800f3b3   Data          20  dis12864.o(.constdata)
    Char_Check_Wash                          0x0800f3c7   Data          20  dis12864.o(.constdata)
    Char_Check_PressPump1                    0x0800f3db   Data          24  dis12864.o(.constdata)
    Char_Check_PressPump2                    0x0800f3f3   Data          24  dis12864.o(.constdata)
    Char_Check_InputWater                    0x0800f40b   Data          24  dis12864.o(.constdata)
    Char_Check_PressCan                      0x0800f423   Data          24  dis12864.o(.constdata)
    Char_Check_WaterLevel                    0x0800f43b   Data          60  dis12864.o(.constdata)
    Char_GetWaterClose                       0x0800f477   Data          14  dis12864.o(.constdata)
    Char_GetRO                               0x0800f485   Data          14  dis12864.o(.constdata)
    Char_GetUP                               0x0800f493   Data          14  dis12864.o(.constdata)
    Char_GetEDI                              0x0800f4a1   Data          14  dis12864.o(.constdata)
    Char_Conductance                         0x0800f4af   Data           5  dis12864.o(.constdata)
    Char_Resistivity                         0x0800f4b4   Data           6  dis12864.o(.constdata)
    Char_GetWaterQuantify                    0x0800f4ba   Data           7  dis12864.o(.constdata)
    Char_GetROStatus                         0x0800f4c1   Data          24  dis12864.o(.constdata)
    Char_GetEDIStatus                        0x0800f4d9   Data          24  dis12864.o(.constdata)
    Char_GetUPStatus                         0x0800f4f1   Data          24  dis12864.o(.constdata)
    Char_Auto_Test                           0x0800f509   Data           8  dis12864.o(.constdata)
    Char_Auto_Test_AD                        0x0800f511   Data           8  dis12864.o(.constdata)
    Char_Auto_Test_CLK                       0x0800f519   Data           8  dis12864.o(.constdata)
    Char_Auto_Test_OUT                       0x0800f521   Data           8  dis12864.o(.constdata)
    Char_Auto_Test_IN                        0x0800f529   Data           8  dis12864.o(.constdata)
    WTLogo                                   0x0800f531   Data        1040  dis12864.o(.constdata)
    Char_ChangePower                         0x0800f941   Data          16  ds1302.o(.constdata)
    char_ON                                  0x0800f951   Data          10  admin.o(.constdata)
    Char_ADD2                                0x0800f95b   Data          12  admin.o(.constdata)
    Char_ADD3                                0x0800f967   Data          12  admin.o(.constdata)
    Char_ADD4                                0x0800f973   Data          16  admin.o(.constdata)
    Char_Year                                0x0800f983   Data           2  useset.o(.constdata)
    Char_Month                               0x0800f985   Data           2  useset.o(.constdata)
    Char_Day                                 0x0800f987   Data           2  useset.o(.constdata)
    Char_ADD                                 0x0800f989   Data          16  useset.o(.constdata)
    Region$$Table$$Base                      0x0800f99c   Number         0  anon$$obj.o(Region$$Table)
    Region$$Table$$Limit                     0x0800f9bc   Number         0  anon$$obj.o(Region$$Table)
    OPEN_FLAG                                0x20000000   Data           1  main.o(.data)
    SystemCoreClock                          0x20000004   Data           4  system_stm32f10x.o(.data)
    AHBPrescTable                            0x20000008   Data          16  system_stm32f10x.o(.data)
    times                                    0x20000018   Data           1  my_adc.o(.data)
    GET_ADVAL                                0x2000001c   Data          20  my_adc.o(.data)
    __stdout                                 0x20000034   Data           4  usart.o(.data)
    USART_RX_STA                             0x20000038   Data           2  usart.o(.data)
    key                                      0x20000050   Data           6  keyboard.o(.data)
    long_Sw                                  0x20000058   Data           4  keyboard.o(.data)
    timer_event_Off                          0x2000005c   Data           1  keyboard.o(.data)
    Display_Delay                            0x20000060   Data           4  timer.o(.data)
    GET_Warte_Timer                          0x20000064   Data           4  timer.o(.data)
    XH_OUT_TIMER                             0x20000068   Data           4  timer.o(.data)
    Sleep_Flag                               0x2000006c   Data           1  timer.o(.data)
    Timer_Sleep                              0x20000070   Data           4  timer.o(.data)
    admin_sleep_flag                         0x20000074   Data           1  timer.o(.data)
    Machine_State                            0x20000075   Data           1  app.o(.data)
    Last_State                               0x20000076   Data           1  app.o(.data)
    Machine_Sw                               0x20000077   Data           1  app.o(.data)
    Voice_flag                               0x20000078   Data           1  app.o(.data)
    NO_Warter_Flag                           0x20000079   Data           1  app.o(.data)
    per_x                                    0x2000007a   Data           1  dis12864.o(.data)
    per_y                                    0x2000007b   Data           1  dis12864.o(.data)
    per_w                                    0x2000007c   Data           1  dis12864.o(.data)
    Ds1302DataBuf                            0x2000007d   Data           8  ds1302.o(.data)
    Ds1302DataBuf10                          0x20000085   Data           7  ds1302.o(.data)
    gbCellFault                              0x2000008c   Data           1  ds1302.o(.data)
    CurrentMenuFlag                          0x2000008d   Data           1  menu.o(.data)
    CurrentMenuFlag_per                      0x2000008e   Data           1  menu.o(.data)
    wait_disp                                0x2000008f   Data           1  menu.o(.data)
    STMFLASH_BUF                             0x20000090   Data        2048  stmflash.o(.bss)
    AD_Value                                 0x20000890   Data          80  my_adc.o(.bss)
    USART_RX_BUF                             0x200008e0   Data         200  usart.o(.bss)
    Timer_Delay                              0x200009a8   Data        1160  timer.o(.bss)
    timer4_array                             0x20000e30   Data          80  timer.o(.bss)
    flow                                     0x20000e80   Data          12  timer.o(.bss)
    UserPra                                  0x20000e8c   Data          14  falshmanege.o(.bss)
    AdminPra                                 0x20000e9a   Data          36  falshmanege.o(.bss)
    Input_IO                                 0x20000ec0   Data          20  app.o(.bss)
    Display_Buf                              0x20000ed4   Data          64  dis12864.o(.bss)
    Ds1302DataBufChar                        0x20000f14   Data          16  ds1302.o(.bss)
    __libspace_start                         0x20000f24   Data          96  libspace.o(.bss)
    __temporary_stack_top$libspace           0x20000f84   Data           0  libspace.o(.bss)



==============================================================================

Memory Map of the image

  Image Entry point : 0x08000131

  Load Region LR_IROM1 (Base: 0x08000000, Size: 0x0000fa4c, Max: 0x00040000, ABSOLUTE)

    Execution Region ER_IROM1 (Base: 0x08000000, Size: 0x0000f9bc, Max: 0x00040000, ABSOLUTE)

    Base Addr    Size         Type   Attr      Idx    E Section Name        Object

    0x08000000   0x00000130   Data   RO          353    RESET               startup_stm32f10x_hd.o
    0x08000130   0x00000008   Code   RO          711  * !!!main             c_w.l(__main.o)
    0x08000138   0x00000034   Code   RO          945    !!!scatter          c_w.l(__scatter.o)
    0x0800016c   0x0000001a   Code   RO          947    !!handler_copy      c_w.l(__scatter_copy.o)
    0x08000186   0x00000002   PAD
    0x08000188   0x0000001c   Code   RO          949    !!handler_zi        c_w.l(__scatter_zi.o)
    0x080001a4   0x00000002   Code   RO          815    .ARM.Collect$$libinit$$00000000  c_w.l(libinit.o)
    0x080001a6   0x00000000   Code   RO          826    .ARM.Collect$$libinit$$00000002  c_w.l(libinit2.o)
    0x080001a6   0x00000000   Code   RO          828    .ARM.Collect$$libinit$$00000004  c_w.l(libinit2.o)
    0x080001a6   0x00000000   Code   RO          831    .ARM.Collect$$libinit$$0000000A  c_w.l(libinit2.o)
    0x080001a6   0x00000000   Code   RO          833    .ARM.Collect$$libinit$$0000000C  c_w.l(libinit2.o)
    0x080001a6   0x00000000   Code   RO          835    .ARM.Collect$$libinit$$0000000E  c_w.l(libinit2.o)
    0x080001a6   0x00000000   Code   RO          838    .ARM.Collect$$libinit$$00000011  c_w.l(libinit2.o)
    0x080001a6   0x00000000   Code   RO          840    .ARM.Collect$$libinit$$00000013  c_w.l(libinit2.o)
    0x080001a6   0x00000000   Code   RO          842    .ARM.Collect$$libinit$$00000015  c_w.l(libinit2.o)
    0x080001a6   0x00000000   Code   RO          844    .ARM.Collect$$libinit$$00000017  c_w.l(libinit2.o)
    0x080001a6   0x00000000   Code   RO          846    .ARM.Collect$$libinit$$00000019  c_w.l(libinit2.o)
    0x080001a6   0x00000000   Code   RO          848    .ARM.Collect$$libinit$$0000001B  c_w.l(libinit2.o)
    0x080001a6   0x00000000   Code   RO          850    .ARM.Collect$$libinit$$0000001D  c_w.l(libinit2.o)
    0x080001a6   0x00000000   Code   RO          852    .ARM.Collect$$libinit$$0000001F  c_w.l(libinit2.o)
    0x080001a6   0x00000000   Code   RO          854    .ARM.Collect$$libinit$$00000021  c_w.l(libinit2.o)
    0x080001a6   0x00000000   Code   RO          856    .ARM.Collect$$libinit$$00000023  c_w.l(libinit2.o)
    0x080001a6   0x00000000   Code   RO          858    .ARM.Collect$$libinit$$00000025  c_w.l(libinit2.o)
    0x080001a6   0x00000000   Code   RO          862    .ARM.Collect$$libinit$$0000002C  c_w.l(libinit2.o)
    0x080001a6   0x00000000   Code   RO          864    .ARM.Collect$$libinit$$0000002E  c_w.l(libinit2.o)
    0x080001a6   0x00000000   Code   RO          866    .ARM.Collect$$libinit$$00000030  c_w.l(libinit2.o)
    0x080001a6   0x00000000   Code   RO          868    .ARM.Collect$$libinit$$00000032  c_w.l(libinit2.o)
    0x080001a6   0x00000002   Code   RO          869    .ARM.Collect$$libinit$$00000033  c_w.l(libinit2.o)
    0x080001a8   0x00000002   Code   RO          897    .ARM.Collect$$libshutdown$$00000000  c_w.l(libshutdown.o)
    0x080001aa   0x00000000   Code   RO          911    .ARM.Collect$$libshutdown$$00000002  c_w.l(libshutdown2.o)
    0x080001aa   0x00000000   Code   RO          913    .ARM.Collect$$libshutdown$$00000004  c_w.l(libshutdown2.o)
    0x080001aa   0x00000000   Code   RO          916    .ARM.Collect$$libshutdown$$00000007  c_w.l(libshutdown2.o)
    0x080001aa   0x00000000   Code   RO          919    .ARM.Collect$$libshutdown$$0000000A  c_w.l(libshutdown2.o)
    0x080001aa   0x00000000   Code   RO          921    .ARM.Collect$$libshutdown$$0000000C  c_w.l(libshutdown2.o)
    0x080001aa   0x00000000   Code   RO          924    .ARM.Collect$$libshutdown$$0000000F  c_w.l(libshutdown2.o)
    0x080001aa   0x00000002   Code   RO          925    .ARM.Collect$$libshutdown$$00000010  c_w.l(libshutdown2.o)
    0x080001ac   0x00000000   Code   RO          767    .ARM.Collect$$rtentry$$00000000  c_w.l(__rtentry.o)
    0x080001ac   0x00000000   Code   RO          786    .ARM.Collect$$rtentry$$00000002  c_w.l(__rtentry2.o)
    0x080001ac   0x00000006   Code   RO          798    .ARM.Collect$$rtentry$$00000004  c_w.l(__rtentry4.o)
    0x080001b2   0x00000000   Code   RO          788    .ARM.Collect$$rtentry$$00000009  c_w.l(__rtentry2.o)
    0x080001b2   0x00000004   Code   RO          789    .ARM.Collect$$rtentry$$0000000A  c_w.l(__rtentry2.o)
    0x080001b6   0x00000000   Code   RO          791    .ARM.Collect$$rtentry$$0000000C  c_w.l(__rtentry2.o)
    0x080001b6   0x00000008   Code   RO          792    .ARM.Collect$$rtentry$$0000000D  c_w.l(__rtentry2.o)
    0x080001be   0x00000002   Code   RO          819    .ARM.Collect$$rtexit$$00000000  c_w.l(rtexit.o)
    0x080001c0   0x00000000   Code   RO          871    .ARM.Collect$$rtexit$$00000002  c_w.l(rtexit2.o)
    0x080001c0   0x00000004   Code   RO          872    .ARM.Collect$$rtexit$$00000003  c_w.l(rtexit2.o)
    0x080001c4   0x00000006   Code   RO          873    .ARM.Collect$$rtexit$$00000004  c_w.l(rtexit2.o)
    0x080001ca   0x00000002   PAD
    0x080001cc   0x000001f0   Code   RO            1    .text               main.o
    0x080003bc   0x00000070   Code   RO          171    .text               stm32f10x_it.o
    0x0800042c   0x000001e0   Code   RO          212    .text               system_stm32f10x.o
    0x0800060c   0x00000144   Code   RO          253    .text               stmflash.o
    0x08000750   0x00000410   Code   RO          268    .text               my_adc.o
    0x08000b60   0x000000d4   Code   RO          287    .text               delay.o
    0x08000c34   0x00000160   Code   RO          302    .text               sys.o
    0x08000d94   0x00000178   Code   RO          318    .text               usart.o
    0x08000f0c   0x00000040   Code   RO          354    .text               startup_stm32f10x_hd.o
    0x08000f4c   0x0000035c   Code   RO          358    .text               stm32f10x_gpio.o
    0x080012a8   0x000003a4   Code   RO          370    .text               stm32f10x_rcc.o
    0x0800164c   0x00000408   Code   RO          384    .text               stm32f10x_usart.o
    0x08001a54   0x000000dc   Code   RO          396    .text               misc.o
    0x08001b30   0x000005bc   Code   RO          408    .text               stm32f10x_flash.o
    0x080020ec   0x00000e1a   Code   RO          420    .text               stm32f10x_tim.o
    0x08002f06   0x00000002   PAD
    0x08002f08   0x00000254   Code   RO          432    .text               stm32f10x_dma.o
    0x0800315c   0x0000044e   Code   RO          456    .text               stm32f10x_adc.o
    0x080035aa   0x00000002   PAD
    0x080035ac   0x00000364   Code   RO          468    .text               keyboard.o
    0x08003910   0x00000520   Code   RO          491    .text               timer.o
    0x08003e30   0x0000015c   Code   RO          514    .text               io.o
    0x08003f8c   0x00000460   Code   RO          526    .text               falshmanege.o
    0x080043ec   0x00000ec0   Code   RO          545    .text               app.o
    0x080052ac   0x00000ae8   Code   RO          564    .text               dis12864.o
    0x08005d94   0x00000944   Code   RO          587    .text               ds1302.o
    0x080066d8   0x00000134   Code   RO          608    .text               voice.o
    0x0800680c   0x00002be8   Code   RO          620    .text               admin.o
    0x080093f4   0x0000185c   Code   RO          636    .text               getwarte.o
    0x0800ac50   0x00000a10   Code   RO          649    .text               query.o
    0x0800b660   0x0000200c   Code   RO          662    .text               useset.o
    0x0800d66c   0x00000534   Code   RO          681    .text               menu.o
    0x0800dba0   0x00000002   Code   RO          699    .text               c_w.l(use_no_semi_2.o)
    0x0800dba2   0x00000048   Code   RO          701    .text               c_w.l(llsdiv.o)
    0x0800dbea   0x0000008a   Code   RO          703    .text               c_w.l(rt_memcpy_v6.o)
    0x0800dc74   0x0000004e   Code   RO          705    .text               c_w.l(rt_memclr_w.o)
    0x0800dcc2   0x00000002   PAD
    0x0800dcc4   0x00000080   Code   RO          707    .text               c_w.l(strcmpv7m.o)
    0x0800dd44   0x00000006   Code   RO          709    .text               c_w.l(heapauxi.o)
    0x0800dd4a   0x00000002   Code   RO          765    .text               c_w.l(use_no_semi.o)
    0x0800dd4c   0x000000ee   Code   RO          768    .text               c_w.l(lludivv7m.o)
    0x0800de3a   0x00000064   Code   RO          770    .text               c_w.l(rt_memcpy_w.o)
    0x0800de9e   0x0000004a   Code   RO          804    .text               c_w.l(sys_stackheap_outer.o)
    0x0800dee8   0x00000012   Code   RO          808    .text               c_w.l(exit.o)
    0x0800defa   0x00000002   PAD
    0x0800defc   0x00000008   Code   RO          816    .text               c_w.l(libspace.o)
    0x0800df04   0x00000062   Code   RO          713    x$fpl$d2f           fz_ws.l(d2f.o)
    0x0800df66   0x00000002   PAD
    0x0800df68   0x00000150   Code   RO          715    x$fpl$dadd          fz_ws.l(daddsub_clz.o)
    0x0800e0b8   0x00000018   Code   RO          772    x$fpl$dcmpinf       fz_ws.l(dcmpi.o)
    0x0800e0d0   0x0000005a   Code   RO          721    x$fpl$dfixu         fz_ws.l(dfixu.o)
    0x0800e12a   0x0000002e   Code   RO          726    x$fpl$dflt          fz_ws.l(dflt_clz.o)
    0x0800e158   0x00000078   Code   RO          731    x$fpl$dleqf         fz_ws.l(dleqf.o)
    0x0800e1d0   0x00000154   Code   RO          733    x$fpl$dmul          fz_ws.l(dmul.o)
    0x0800e324   0x0000009c   Code   RO          774    x$fpl$dnaninf       fz_ws.l(dnaninf.o)
    0x0800e3c0   0x0000000c   Code   RO          776    x$fpl$dretinf       fz_ws.l(dretinf.o)
    0x0800e3cc   0x0000006c   Code   RO          735    x$fpl$drleqf        fz_ws.l(drleqf.o)
    0x0800e438   0x000001d4   Code   RO          717    x$fpl$dsub          fz_ws.l(daddsub_clz.o)
    0x0800e60c   0x00000056   Code   RO          737    x$fpl$f2d           fz_ws.l(f2d.o)
    0x0800e662   0x00000002   PAD
    0x0800e664   0x000000c4   Code   RO          739    x$fpl$fadd          fz_ws.l(faddsub_clz.o)
    0x0800e728   0x00000018   Code   RO          778    x$fpl$fcmpinf       fz_ws.l(fcmpi.o)
    0x0800e740   0x00000184   Code   RO          746    x$fpl$fdiv          fz_ws.l(fdiv.o)
    0x0800e8c4   0x0000003e   Code   RO          749    x$fpl$ffixu         fz_ws.l(ffixu.o)
    0x0800e902   0x00000002   PAD
    0x0800e904   0x00000030   Code   RO          754    x$fpl$fflt          fz_ws.l(fflt_clz.o)
    0x0800e934   0x00000026   Code   RO          753    x$fpl$ffltu         fz_ws.l(fflt_clz.o)
    0x0800e95a   0x00000002   PAD
    0x0800e95c   0x00000068   Code   RO          759    x$fpl$fleqf         fz_ws.l(fleqf.o)
    0x0800e9c4   0x00000102   Code   RO          761    x$fpl$fmul          fz_ws.l(fmul.o)
    0x0800eac6   0x0000008c   Code   RO          780    x$fpl$fnaninf       fz_ws.l(fnaninf.o)
    0x0800eb52   0x0000000a   Code   RO          782    x$fpl$fretinf       fz_ws.l(fretinf.o)
    0x0800eb5c   0x00000062   Code   RO          763    x$fpl$frleqf        fz_ws.l(frleqf.o)
    0x0800ebbe   0x00000002   PAD
    0x0800ebc0   0x000000ea   Code   RO          741    x$fpl$fsub          fz_ws.l(faddsub_clz.o)
    0x0800ecaa   0x00000000   Code   RO          784    x$fpl$usenofp       fz_ws.l(usenofp.o)
    0x0800ecaa   0x00000c97   Data   RO          566    .constdata          dis12864.o
    0x0800f941   0x00000010   Data   RO          589    .constdata          ds1302.o
    0x0800f951   0x00000032   Data   RO          621    .constdata          admin.o
    0x0800f983   0x00000016   Data   RO          663    .constdata          useset.o
    0x0800f999   0x00000003   PAD
    0x0800f99c   0x00000020   Data   RO          943    Region$$Table       anon$$obj.o


    Execution Region RW_IRAM1 (Base: 0x20000000, Size: 0x00001588, Max: 0x0000c000, ABSOLUTE)

    Base Addr    Size         Type   Attr      Idx    E Section Name        Object

    0x20000000   0x00000001   Data   RW            2    .data               main.o
    0x20000001   0x00000003   PAD
    0x20000004   0x00000014   Data   RW          213    .data               system_stm32f10x.o
    0x20000018   0x00000018   Data   RW          270    .data               my_adc.o
    0x20000030   0x00000004   Data   RW          288    .data               delay.o
    0x20000034   0x00000006   Data   RW          320    .data               usart.o
    0x2000003a   0x00000014   Data   RW          371    .data               stm32f10x_rcc.o
    0x2000004e   0x00000002   PAD
    0x20000050   0x0000000d   Data   RW          469    .data               keyboard.o
    0x2000005d   0x00000003   PAD
    0x20000060   0x00000015   Data   RW          493    .data               timer.o
    0x20000075   0x00000005   Data   RW          547    .data               app.o
    0x2000007a   0x00000003   Data   RW          567    .data               dis12864.o
    0x2000007d   0x00000010   Data   RW          590    .data               ds1302.o
    0x2000008d   0x00000003   Data   RW          682    .data               menu.o
    0x20000090   0x00000800   Zero   RW          254    .bss                stmflash.o
    0x20000890   0x00000050   Zero   RW          269    .bss                my_adc.o
    0x200008e0   0x000000c8   Zero   RW          319    .bss                usart.o
    0x200009a8   0x000004e4   Zero   RW          492    .bss                timer.o
    0x20000e8c   0x00000032   Zero   RW          527    .bss                falshmanege.o
    0x20000ebe   0x00000002   PAD
    0x20000ec0   0x00000014   Zero   RW          546    .bss                app.o
    0x20000ed4   0x00000040   Zero   RW          565    .bss                dis12864.o
    0x20000f14   0x00000010   Zero   RW          588    .bss                ds1302.o
    0x20000f24   0x00000060   Zero   RW          817    .bss                c_w.l(libspace.o)
    0x20000f84   0x00000004   PAD
    0x20000f88   0x00000200   Zero   RW          352    HEAP                startup_stm32f10x_hd.o
    0x20001188   0x00000400   Zero   RW          351    STACK               startup_stm32f10x_hd.o


==============================================================================

Image component sizes


      Code (inc. data)   RO Data    RW Data    ZI Data      Debug   Object Name

     11240        462         50          0          0      16416   admin.o
      3776        178          0          5         20       4891   app.o
       212         18          0          4          0       1003   delay.o
      2792         58       3223          3         64      11473   dis12864.o
      2372         44         16         16         16       4977   ds1302.o
      1120         52          0          0         50       4104   falshmanege.o
      6236        406          0          0          0       8712   getwarte.o
       348         54          0          0          0        834   io.o
       868         60          0         13          0       2787   keyboard.o
       496         64          0          1          0     295887   main.o
      1332        112          0          3          0       2825   menu.o
       220         22          0          0          0       1761   misc.o
      1040         58          0         24         80       3392   my_adc.o
      2576        134          0          0          0       4689   query.o
        64         26        304          0       1536        772   startup_stm32f10x_hd.o
      1102         26          0          0          0      11001   stm32f10x_adc.o
       596          8          0          0          0       4326   stm32f10x_dma.o
      1468         34          0          0          0       8170   stm32f10x_flash.o
       860         38          0          0          0       5693   stm32f10x_gpio.o
       112         10          0          0          0     219561   stm32f10x_it.o
       932         36          0         20          0       8852   stm32f10x_rcc.o
      3610         88          0          0          0      22800   stm32f10x_tim.o
      1032         22          0          0          0       8420   stm32f10x_usart.o
       324          8          0          0       2048       2670   stmflash.o
       352         30          0          0          0       1826   sys.o
       480         38          0         20          0       1683   system_stm32f10x.o
      1312         82          0         21       1252       5651   timer.o
       376         16          0          6        200       3331   usart.o
      8204        398         22          0          0      11726   useset.o
       308         10          0          0          0        720   voice.o

    ----------------------------------------------------------------------
     55764       2592       3650        144       5268     680953   Object Totals
         0          0         32          0          0          0   (incl. Generated)
         4          0          3          8          2          0   (incl. Padding)

    ----------------------------------------------------------------------

      Code (inc. data)   RO Data    RW Data    ZI Data      Debug   Library Member Name

         8          0          0          0          0         68   __main.o
         0          0          0          0          0          0   __rtentry.o
        12          0          0          0          0          0   __rtentry2.o
         6          0          0          0          0          0   __rtentry4.o
        52          8          0          0          0          0   __scatter.o
        26          0          0          0          0          0   __scatter_copy.o
        28          0          0          0          0          0   __scatter_zi.o
        18          0          0          0          0         80   exit.o
         6          0          0          0          0        152   heapauxi.o
         2          0          0          0          0          0   libinit.o
         2          0          0          0          0          0   libinit2.o
         2          0          0          0          0          0   libshutdown.o
         2          0          0          0          0          0   libshutdown2.o
         8          4          0          0         96         68   libspace.o
        72          0          0          0          0         76   llsdiv.o
       238          0          0          0          0        100   lludivv7m.o
        78          0          0          0          0         80   rt_memclr_w.o
       138          0          0          0          0         68   rt_memcpy_v6.o
       100          0          0          0          0         80   rt_memcpy_w.o
         2          0          0          0          0          0   rtexit.o
        10          0          0          0          0          0   rtexit2.o
       128          0          0          0          0         68   strcmpv7m.o
        74          0          0          0          0         80   sys_stackheap_outer.o
         2          0          0          0          0         68   use_no_semi.o
         2          0          0          0          0         68   use_no_semi_2.o
        98          4          0          0          0         92   d2f.o
       804         16          0          0          0        272   daddsub_clz.o
        24          0          0          0          0         68   dcmpi.o
        90          4          0          0          0         92   dfixu.o
        46          0          0          0          0         68   dflt_clz.o
       120          4          0          0          0         92   dleqf.o
       340         12          0          0          0        104   dmul.o
       156          4          0          0          0         92   dnaninf.o
        12          0          0          0          0         68   dretinf.o
       108          0          0          0          0         80   drleqf.o
        86          4          0          0          0         84   f2d.o
       430          8          0          0          0        168   faddsub_clz.o
        24          0          0          0          0         68   fcmpi.o
       388         76          0          0          0         96   fdiv.o
        62          4          0          0          0         84   ffixu.o
        86          0          0          0          0        136   fflt_clz.o
       104          4          0          0          0         84   fleqf.o
       258          4          0          0          0         84   fmul.o
       140          4          0          0          0         84   fnaninf.o
        10          0          0          0          0         68   fretinf.o
        98          0          0          0          0         68   frleqf.o
         0          0          0          0          0          0   usenofp.o

    ----------------------------------------------------------------------
      4518        160          0          0        100       3108   Library Totals
        18          0          0          0          4          0   (incl. Padding)

    ----------------------------------------------------------------------

      Code (inc. data)   RO Data    RW Data    ZI Data      Debug   Library Name

      1016         12          0          0         96       1056   c_w.l
      3484        148          0          0          0       2052   fz_ws.l

    ----------------------------------------------------------------------
      4518        160          0          0        100       3108   Library Totals

    ----------------------------------------------------------------------

==============================================================================


      Code (inc. data)   RO Data    RW Data    ZI Data      Debug   

     60282       2752       3650        144       5368     679429   Grand Totals
     60282       2752       3650        144       5368     679429   ELF Image Totals
     60282       2752       3650        144          0          0   ROM Totals

==============================================================================

    Total RO  Size (Code + RO Data)                63932 (  62.43kB)
    Total RW  Size (RW Data + ZI Data)              5512 (   5.38kB)
    Total ROM Size (Code + RO Data + RW Data)      64076 (  62.57kB)

==============================================================================

